Archive member included to satisfy reference by file (symbol)

C:/ST/STM32CubeIDE_1.17.0/STM32CubeIDE/plugins/com.st.stm32cube.ide.mcu.externaltools.gnu-tools-for-stm32.13.3.rel1.win32_1.0.0.202411081344/tools/bin/../lib/gcc/arm-none-eabi/13.3.1/../../../../arm-none-eabi/lib/thumb/v7e-m+dp/hard\libc_nano.a(libc_a-atoi.o)
                              ./Core/Src/drv/eth_test.o (atoi)
C:/ST/STM32CubeIDE_1.17.0/STM32CubeIDE/plugins/com.st.stm32cube.ide.mcu.externaltools.gnu-tools-for-stm32.13.3.rel1.win32_1.0.0.202411081344/tools/bin/../lib/gcc/arm-none-eabi/13.3.1/../../../../arm-none-eabi/lib/thumb/v7e-m+dp/hard\libc_nano.a(libc_a-exit.o)
                              C:/ST/STM32CubeIDE_1.17.0/STM32CubeIDE/plugins/com.st.stm32cube.ide.mcu.externaltools.gnu-tools-for-stm32.13.3.rel1.win32_1.0.0.202411081344/tools/bin/../lib/gcc/arm-none-eabi/13.3.1/../../../../arm-none-eabi/lib/thumb/v7e-m+dp/hard/crt0.o (exit)
C:/ST/STM32CubeIDE_1.17.0/STM32CubeIDE/plugins/com.st.stm32cube.ide.mcu.externaltools.gnu-tools-for-stm32.13.3.rel1.win32_1.0.0.202411081344/tools/bin/../lib/gcc/arm-none-eabi/13.3.1/../../../../arm-none-eabi/lib/thumb/v7e-m+dp/hard\libc_nano.a(libc_a-strtol.o)
                              C:/ST/STM32CubeIDE_1.17.0/STM32CubeIDE/plugins/com.st.stm32cube.ide.mcu.externaltools.gnu-tools-for-stm32.13.3.rel1.win32_1.0.0.202411081344/tools/bin/../lib/gcc/arm-none-eabi/13.3.1/../../../../arm-none-eabi/lib/thumb/v7e-m+dp/hard\libc_nano.a(libc_a-atoi.o) (_strtol_r)
C:/ST/STM32CubeIDE_1.17.0/STM32CubeIDE/plugins/com.st.stm32cube.ide.mcu.externaltools.gnu-tools-for-stm32.13.3.rel1.win32_1.0.0.202411081344/tools/bin/../lib/gcc/arm-none-eabi/13.3.1/../../../../arm-none-eabi/lib/thumb/v7e-m+dp/hard\libc_nano.a(libc_a-ctype_.o)
                              C:/ST/STM32CubeIDE_1.17.0/STM32CubeIDE/plugins/com.st.stm32cube.ide.mcu.externaltools.gnu-tools-for-stm32.13.3.rel1.win32_1.0.0.202411081344/tools/bin/../lib/gcc/arm-none-eabi/13.3.1/../../../../arm-none-eabi/lib/thumb/v7e-m+dp/hard\libc_nano.a(libc_a-strtol.o) (_ctype_)
C:/ST/STM32CubeIDE_1.17.0/STM32CubeIDE/plugins/com.st.stm32cube.ide.mcu.externaltools.gnu-tools-for-stm32.13.3.rel1.win32_1.0.0.202411081344/tools/bin/../lib/gcc/arm-none-eabi/13.3.1/../../../../arm-none-eabi/lib/thumb/v7e-m+dp/hard\libc_nano.a(libc_a-findfp.o)
                              C:/ST/STM32CubeIDE_1.17.0/STM32CubeIDE/plugins/com.st.stm32cube.ide.mcu.externaltools.gnu-tools-for-stm32.13.3.rel1.win32_1.0.0.202411081344/tools/bin/../lib/gcc/arm-none-eabi/13.3.1/../../../../arm-none-eabi/lib/thumb/v7e-m+dp/hard\libc_nano.a(libc_a-exit.o) (__stdio_exit_handler)
C:/ST/STM32CubeIDE_1.17.0/STM32CubeIDE/plugins/com.st.stm32cube.ide.mcu.externaltools.gnu-tools-for-stm32.13.3.rel1.win32_1.0.0.202411081344/tools/bin/../lib/gcc/arm-none-eabi/13.3.1/../../../../arm-none-eabi/lib/thumb/v7e-m+dp/hard\libc_nano.a(libc_a-fwalk.o)
                              C:/ST/STM32CubeIDE_1.17.0/STM32CubeIDE/plugins/com.st.stm32cube.ide.mcu.externaltools.gnu-tools-for-stm32.13.3.rel1.win32_1.0.0.202411081344/tools/bin/../lib/gcc/arm-none-eabi/13.3.1/../../../../arm-none-eabi/lib/thumb/v7e-m+dp/hard\libc_nano.a(libc_a-findfp.o) (_fwalk_sglue)
C:/ST/STM32CubeIDE_1.17.0/STM32CubeIDE/plugins/com.st.stm32cube.ide.mcu.externaltools.gnu-tools-for-stm32.13.3.rel1.win32_1.0.0.202411081344/tools/bin/../lib/gcc/arm-none-eabi/13.3.1/../../../../arm-none-eabi/lib/thumb/v7e-m+dp/hard\libc_nano.a(libc_a-stdio.o)
                              C:/ST/STM32CubeIDE_1.17.0/STM32CubeIDE/plugins/com.st.stm32cube.ide.mcu.externaltools.gnu-tools-for-stm32.13.3.rel1.win32_1.0.0.202411081344/tools/bin/../lib/gcc/arm-none-eabi/13.3.1/../../../../arm-none-eabi/lib/thumb/v7e-m+dp/hard\libc_nano.a(libc_a-findfp.o) (__sread)
C:/ST/STM32CubeIDE_1.17.0/STM32CubeIDE/plugins/com.st.stm32cube.ide.mcu.externaltools.gnu-tools-for-stm32.13.3.rel1.win32_1.0.0.202411081344/tools/bin/../lib/gcc/arm-none-eabi/13.3.1/../../../../arm-none-eabi/lib/thumb/v7e-m+dp/hard\libc_nano.a(libc_a-memcmp.o)
                              ./Core/Src/app/console.o (memcmp)
C:/ST/STM32CubeIDE_1.17.0/STM32CubeIDE/plugins/com.st.stm32cube.ide.mcu.externaltools.gnu-tools-for-stm32.13.3.rel1.win32_1.0.0.202411081344/tools/bin/../lib/gcc/arm-none-eabi/13.3.1/../../../../arm-none-eabi/lib/thumb/v7e-m+dp/hard\libc_nano.a(libc_a-memset.o)
                              C:/ST/STM32CubeIDE_1.17.0/STM32CubeIDE/plugins/com.st.stm32cube.ide.mcu.externaltools.gnu-tools-for-stm32.13.3.rel1.win32_1.0.0.202411081344/tools/bin/../lib/gcc/arm-none-eabi/13.3.1/../../../../arm-none-eabi/lib/thumb/v7e-m+dp/hard/crt0.o (memset)
C:/ST/STM32CubeIDE_1.17.0/STM32CubeIDE/plugins/com.st.stm32cube.ide.mcu.externaltools.gnu-tools-for-stm32.13.3.rel1.win32_1.0.0.202411081344/tools/bin/../lib/gcc/arm-none-eabi/13.3.1/../../../../arm-none-eabi/lib/thumb/v7e-m+dp/hard\libc_nano.a(libc_a-strchr.o)
                              ./Core/Src/app/console.o (strchr)
[...]
Memory Configuration

Name             Origin             Length             Attributes
RAM              0x20000000         0x00080000         xrw
FLASH            0x08000000         0x00200000         xr
*default*        0x00000000         0xffffffff

Linker script and memory map

LOAD C:/ST/STM32CubeIDE_1.17.0/STM32CubeIDE/plugins/com.st.stm32cube.ide.mcu.externaltools.gnu-tools-for-stm32.13.3.rel1.win32_1.0.0.202411081344/tools/bin/../lib/gcc/arm-none-eabi/13.3.1/thumb/v7e-m+dp/hard/crti.o
LOAD C:/ST/STM32CubeIDE_1.17.0/STM32CubeIDE/plugins/com.st.stm32cube.ide.mcu.externaltools.gnu-tools-for-stm32.13.3.rel1.win32_1.0.0.202411081344/tools/bin/../lib/gcc/arm-none-eabi/13.3.1/thumb/v7e-m+dp/hard/crtbegin.o
LOAD C:/ST/STM32CubeIDE_1.17.0/STM32CubeIDE/plugins/com.st.stm32cube.ide.mcu.externaltools.gnu-tools-for-stm32.13.3.rel1.win32_1.0.0.202411081344/tools/bin/../lib/gcc/arm-none-eabi/13.3.1/../../../../arm-none-eabi/lib/thumb/v7e-m+dp/hard/crt0.o
LOAD ./Core/Src/app/console.o
LOAD ./Core/Src/drv/eth_send_data.o
LOAD ./Core/Src/drv/eth_test.o
LOAD ./Core/Src/drv/usart_drv.o
LOAD ./Core/Src/freertos.o
LOAD ./Core/Src/main.o
LOAD ./Core/Src/stm32f7xx_hal_msp.o
LOAD ./Core/Src/stm32f7xx_it.o
LOAD ./Core/Src/syscalls.o
LOAD ./Core/Src/sysmem.o
LOAD ./Core/Src/system_stm32f7xx.o
LOAD ./Core/Src/peri/eth.o
LOAD ./Core/Src/peri/usart.o
LOAD ./Core/Startup/startup_stm32f769nihx.o
LOAD ./Drivers/STM32F7xx_HAL_Driver/Src/stm32f7xx_hal.o
LOAD ./Drivers/STM32F7xx_HAL_Driver/Src/stm32f7xx_hal_cortex.o
LOAD ./Drivers/STM32F7xx_HAL_Driver/Src/stm32f7xx_hal_dma.o
LOAD ./Drivers/STM32F7xx_HAL_Driver/Src/stm32f7xx_hal_dma_ex.o
LOAD ./Drivers/STM32F7xx_HAL_Driver/Src/stm32f7xx_hal_eth.o
LOAD ./Drivers/STM32F7xx_HAL_Driver/Src/stm32f7xx_hal_exti.o
LOAD ./Drivers/STM32F7xx_HAL_Driver/Src/stm32f7xx_hal_flash.o
LOAD ./Drivers/STM32F7xx_HAL_Driver/Src/stm32f7xx_hal_flash_ex.o
LOAD ./Drivers/STM32F7xx_HAL_Driver/Src/stm32f7xx_hal_gpio.o
LOAD ./Drivers/STM32F7xx_HAL_Driver/Src/stm32f7xx_hal_i2c.o
LOAD ./Drivers/STM32F7xx_HAL_Driver/Src/stm32f7xx_hal_i2c_ex.o
LOAD ./Drivers/STM32F7xx_HAL_Driver/Src/stm32f7xx_hal_pwr.o
LOAD ./Drivers/STM32F7xx_HAL_Driver/Src/stm32f7xx_hal_pwr_ex.o
LOAD ./Drivers/STM32F7xx_HAL_Driver/Src/stm32f7xx_hal_rcc.o
LOAD ./Drivers/STM32F7xx_HAL_Driver/Src/stm32f7xx_hal_rcc_ex.o
LOAD ./Drivers/STM32F7xx_HAL_Driver/Src/stm32f7xx_hal_uart.o
LOAD ./Drivers/STM32F7xx_HAL_Driver/Src/stm32f7xx_hal_uart_ex.o
LOAD ./Middlewares/Third_Party/FreeRTOS/Source/CMSIS_RTOS/cmsis_os.o
LOAD ./Middlewares/Third_Party/FreeRTOS/Source/croutine.o
LOAD ./Middlewares/Third_Party/FreeRTOS/Source/event_groups.o
LOAD ./Middlewares/Third_Party/FreeRTOS/Source/list.o
LOAD ./Middlewares/Third_Party/FreeRTOS/Source/queue.o
LOAD ./Middlewares/Third_Party/FreeRTOS/Source/stream_buffer.o
LOAD ./Middlewares/Third_Party/FreeRTOS/Source/tasks.o
LOAD ./Middlewares/Third_Party/FreeRTOS/Source/timers.o
LOAD ./Middlewares/Third_Party/FreeRTOS/Source/portable/GCC/ARM_CM7/r0p1/port.o
LOAD ./Middlewares/Third_Party/FreeRTOS/Source/portable/MemMang/heap_4.o
START GROUP
LOAD C:/ST/STM32CubeIDE_1.17.0/STM32CubeIDE/plugins/com.st.stm32cube.ide.mcu.externaltools.gnu-tools-for-stm32.13.3.rel1.win32_1.0.0.202411081344/tools/bin/../lib/gcc/arm-none-eabi/13.3.1/../../../../arm-none-eabi/lib/thumb/v7e-m+dp/hard\libc_nano.a
LOAD C:/ST/STM32CubeIDE_1.17.0/STM32CubeIDE/plugins/com.st.stm32cube.ide.mcu.externaltools.gnu-tools-for-stm32.13.3.rel1.win32_1.0.0.202411081344/tools/bin/../lib/gcc/arm-none-eabi/13.3.1/../../../../arm-none-eabi/lib/thumb/v7e-m+dp/hard\libm.a
END GROUP
START GROUP
LOAD C:/ST/STM32CubeIDE_1.17.0/STM32CubeIDE/plugins/com.st.stm32cube.ide.mcu.externaltools.gnu-tools-for-stm32.13.3.rel1.win32_1.0.0.202411081344/tools/bin/../lib/gcc/arm-none-eabi/13.3.1/thumb/v7e-m+dp/hard\libgcc.a
LOAD C:/ST/STM32CubeIDE_1.17.0/STM32CubeIDE/plugins/com.st.stm32cube.ide.mcu.externaltools.gnu-tools-for-stm32.13.3.rel1.win32_1.0.0.202411081344/tools/bin/../lib/gcc/arm-none-eabi/13.3.1/../../../../arm-none-eabi/lib/thumb/v7e-m+dp/hard\libc_nano.a
END GROUP
START GROUP
LOAD C:/ST/STM32CubeIDE_1.17.0/STM32CubeIDE/plugins/com.st.stm32cube.ide.mcu.externaltools.gnu-tools-for-stm32.13.3.rel1.win32_1.0.0.202411081344/tools/bin/../lib/gcc/arm-none-eabi/13.3.1/thumb/v7e-m+dp/hard\libgcc.a
LOAD C:/ST/STM32CubeIDE_1.17.0/STM32CubeIDE/plugins/com.st.stm32cube.ide.mcu.externaltools.gnu-tools-for-stm32.13.3.rel1.win32_1.0.0.202411081344/tools/bin/../lib/gcc/arm-none-eabi/13.3.1/../../../../arm-none-eabi/lib/thumb/v7e-m+dp/hard\libc_nano.a
LOAD C:/ST/STM32CubeIDE_1.17.0/STM32CubeIDE/plugins/com.st.stm32cube.ide.mcu.externaltools.gnu-tools-for-stm32.13.3.rel1.win32_1.0.0.202411081344/tools/bin/../lib/gcc/arm-none-eabi/13.3.1/../../../../arm-none-eabi/lib/thumb/v7e-m+dp/hard\libnosys.a
END GROUP
START GROUP
LOAD C:/ST/STM32CubeIDE_1.17.0/STM32CubeIDE/plugins/com.st.stm32cube.ide.mcu.externaltools.gnu-tools-for-stm32.13.3.rel1.win32_1.0.0.202411081344/tools/bin/../lib/gcc/arm-none-eabi/13.3.1/thumb/v7e-m+dp/hard\libgcc.a
LOAD C:/ST/STM32CubeIDE_1.17.0/STM32CubeIDE/plugins/com.st.stm32cube.ide.mcu.externaltools.gnu-tools-for-stm32.13.3.rel1.win32_1.0.0.202411081344/tools/bin/../lib/gcc/arm-none-eabi/13.3.1/../../../../arm-none-eabi/lib/thumb/v7e-m+dp/hard\libc_nano.a
LOAD C:/ST/STM32CubeIDE_1.17.0/STM32CubeIDE/plugins/com.st.stm32cube.ide.mcu.externaltools.gnu-tools-for-stm32.13.3.rel1.win32_1.0.0.202411081344/tools/bin/../lib/gcc/arm-none-eabi/13.3.1/../../../../arm-none-eabi/lib/thumb/v7e-m+dp/hard\libnosys.a
END GROUP
LOAD C:/ST/STM32CubeIDE_1.17.0/STM32CubeIDE/plugins/com.st.stm32cube.ide.mcu.externaltools.gnu-tools-for-stm32.13.3.rel1.win32_1.0.0.202411081344/tools/bin/../lib/gcc/arm-none-eabi/13.3.1/thumb/v7e-m+dp/hard/crtend.o
LOAD C:/ST/STM32CubeIDE_1.17.0/STM32CubeIDE/plugins/com.st.stm32cube.ide.mcu.externaltools.gnu-tools-for-stm32.13.3.rel1.win32_1.0.0.202411081344/tools/bin/../lib/gcc/arm-none-eabi/13.3.1/thumb/v7e-m+dp/hard/crtn.o
                0x20080000                        _estack = (ORIGIN (RAM) + LENGTH (RAM))
                0x00000200                        _Min_Heap_Size = 0x200
                0x00000400                        _Min_Stack_Size = 0x400

.isr_vector     0x08000000      0x1f8
                0x08000000                        . = ALIGN (0x4)
 *(.isr_vector)
 .isr_vector    0x08000000      0x1f8 ./Core/Startup/startup_stm32f769nihx.o
                0x08000000                g_pfnVectors
                0x080001f8                        . = ALIGN (0x4)

.text           0x08000200     0x70b0
                0x08000200                        . = ALIGN (0x4)
 *(.text)
 .text          0x08000200       0x40 C:/ST/STM32CubeIDE_1.17.0/STM32CubeIDE/plugins/com.st.stm32cube.ide.mcu.externaltools.gnu-tools-for-stm32.13.3.rel1.win32_1.0.0.202411081344/tools/bin/../lib/gcc/arm-none-eabi/13.3.1/thumb/v7e-m+dp/hard/crtbegin.o
 .text          0x08000240       0x10 C:/ST/STM32CubeIDE_1.17.0/STM32CubeIDE/plugins/com.st.stm32cube.ide.mcu.externaltools.gnu-tools-for-stm32.13.3.rel1.win32_1.0.0.202411081344/tools/bin/../lib/gcc/arm-none-eabi/13.3.1/../../../../arm-none-eabi/lib/thumb/v7e-m+dp/hard\libc_nano.a(libc_a-strlen.o)
                0x08000240                strlen
 .text          0x08000250       0x30 C:/ST/STM32CubeIDE_1.17.0/STM32CubeIDE/plugins/com.st.stm32cube.ide.mcu.externaltools.gnu-tools-for-stm32.13.3.rel1.win32_1.0.0.202411081344/tools/bin/../lib/gcc/arm-none-eabi/13.3.1/thumb/v7e-m+dp/hard\libgcc.a(_aeabi_uldivmod.o)
                0x08000250                __aeabi_uldivmod
 .text          0x08000280      0x2f8 C:/ST/STM32CubeIDE_1.17.0/STM32CubeIDE/plugins/com.st.stm32cube.ide.mcu.externaltools.gnu-tools-for-stm32.13.3.rel1.win32_1.0.0.202411081344/tools/bin/../lib/gcc/arm-none-eabi/13.3.1/thumb/v7e-m+dp/hard\libgcc.a(_udivmoddi4.o)
                0x08000280                __udivmoddi4
 .text          0x08000578        0x4 C:/ST/STM32CubeIDE_1.17.0/STM32CubeIDE/plugins/com.st.stm32cube.ide.mcu.externaltools.gnu-tools-for-stm32.13.3.rel1.win32_1.0.0.202411081344/tools/bin/../lib/gcc/arm-none-eabi/13.3.1/thumb/v7e-m+dp/hard\libgcc.a(_dvmd_tls.o)
                0x08000578                __aeabi_idiv0
                0x08000578                __aeabi_ldiv0
 *(.text*)
 .text.find_str
                0x0800057c       0x38 ./Core/Src/app/console.o
                0x0800057c                find_str
 .text.ts_itoa  0x080005b4       0x94 ./Core/Src/app/console.o
                0x080005b4                ts_itoa
 .text.ts_formatlength
                0x08000648      0x12c ./Core/Src/app/console.o
 .text.ts_formatstring
                0x08000774      0x1ac ./Core/Src/app/console.o
                0x08000774                ts_formatstring
 .text.console_recv
                0x08000920       0x2a ./Core/Src/app/console.o
 *fill*         0x0800094a        0x2 
 .text.console_analysis
                0x0800094c      0x1c4 ./Core/Src/app/console.o
 .text.StartConsoleSend
                0x08000b10       0x74 ./Core/Src/app/console.o
                0x08000b10                StartConsoleSend
 .text.StartConsoleRecv
                0x08000b84       0x54 ./Core/Src/app/console.o
                0x08000b84                StartConsoleRecv
 .text.console_init
                0x08000bd8       0xa4 ./Core/Src/app/console.o
                0x08000bd8                console_init
 .text.console_printf
                0x08000c7c       0x74 ./Core/Src/app/console.o
                0x08000c7c                console_printf
 .text.console_set_command
                0x08000cf0       0x78 ./Core/Src/app/console.o
                0x08000cf0                console_set_command
 .text.eth_test_open
                0x08000d68       0x28 ./Core/Src/drv/eth_test.o
                0x08000d68                eth_test_open
 .text.eth_test_send
                0x08000d90       0x2c ./Core/Src/drv/eth_test.o
                0x08000d90                eth_test_send
 .text.eth_test_cmd
                0x08000dbc       0x5c ./Core/Src/drv/eth_test.o
 .text.eth_test_set_cmd
                0x08000e18       0x28 ./Core/Src/drv/eth_test.o
                0x08000e18                eth_test_set_cmd
 .text.usart_recv_callback
                0x08000e40       0x2c ./Core/Src/drv/usart_drv.o
                0x08000e40                usart_recv_callback
 .text.usart_send_callback
                0x08000e6c       0x2c ./Core/Src/drv/usart_drv.o
                0x08000e6c                usart_send_callback
 .text.usart_err_callback
                0x08000e98       0x1c ./Core/Src/drv/usart_drv.o
                0x08000e98                usart_err_callback
 .text.usart_drv_init
                0x08000eb4       0x4c ./Core/Src/drv/usart_drv.o
                0x08000eb4                usart_drv_init
 .text.usart_drv_open
                0x08000f00       0x88 ./Core/Src/drv/usart_drv.o
                0x08000f00                usart_drv_open
 .text.usart_drv_send
                0x08000f88       0xe0 ./Core/Src/drv/usart_drv.o
                0x08000f88                usart_drv_send
 .text.usart_drv_recv
                0x08001068       0xe0 ./Core/Src/drv/usart_drv.o
                0x08001068                usart_drv_recv
 .text.vApplicationGetIdleTaskMemory
                0x08001148       0x34 ./Core/Src/freertos.o
                0x08001148                vApplicationGetIdleTaskMemory
 .text.tmp_mx_eth_init
                0x0800117c       0x1c ./Core/Src/main.o
 .text.main     0x08001198       0x98 ./Core/Src/main.o
                0x08001198                main
 .text.SystemClock_Config
                0x08001230       0xdc ./Core/Src/main.o
                0x08001230                SystemClock_Config
 .text.MX_USART1_UART_Init
                0x0800130c       0x60 ./Core/Src/main.o
 .text.MX_GPIO_Init
                0x0800136c       0x60 ./Core/Src/main.o
 .text.StartDefaultTask
                0x080013cc       0x10 ./Core/Src/main.o
                0x080013cc                StartDefaultTask
 .text.MPU_Config
                0x080013dc       0x58 ./Core/Src/main.o
 .text.Error_Handler
                0x08001434        0xc ./Core/Src/main.o
                0x08001434                Error_Handler
 .text.HAL_MspInit
                0x08001440       0x50 ./Core/Src/stm32f7xx_hal_msp.o
                0x08001440                HAL_MspInit
 .text.HAL_ETH_MspInit
                0x08001490      0x154 ./Core/Src/stm32f7xx_hal_msp.o
                0x08001490                HAL_ETH_MspInit
 .text.HAL_UART_MspInit
                0x080015e4       0xcc ./Core/Src/stm32f7xx_hal_msp.o
                0x080015e4                HAL_UART_MspInit
 .text.NMI_Handler
                0x080016b0        0x8 ./Core/Src/stm32f7xx_it.o
                0x080016b0                NMI_Handler
 .text.HardFault_Handler
                0x080016b8        0x8 ./Core/Src/stm32f7xx_it.o
                0x080016b8                HardFault_Handler
 .text.MemManage_Handler
                0x080016c0        0x8 ./Core/Src/stm32f7xx_it.o
                0x080016c0                MemManage_Handler
 .text.BusFault_Handler
                0x080016c8        0x8 ./Core/Src/stm32f7xx_it.o
                0x080016c8                BusFault_Handler
 .text.UsageFault_Handler
                0x080016d0        0x8 ./Core/Src/stm32f7xx_it.o
                0x080016d0                UsageFault_Handler
 .text.DebugMon_Handler
                0x080016d8        0xe ./Core/Src/stm32f7xx_it.o
                0x080016d8                DebugMon_Handler
 .text.SysTick_Handler
                0x080016e6       0x1a ./Core/Src/stm32f7xx_it.o
                0x080016e6                SysTick_Handler
 .text.SystemInit
                0x08001700       0x24 ./Core/Src/system_stm32f7xx.o
                0x08001700                SystemInit
 .text.SCB_CleanDCache_by_Addr
                0x08001724       0x58 ./Core/Src/peri/eth.o
 .text.ETH_IRQHandler
                0x0800177c       0x90 ./Core/Src/peri/eth.o
                0x0800177c                ETH_IRQHandler
 .text.ETH_WKUP_IRQHandler
                0x0800180c        0xe ./Core/Src/peri/eth.o
                0x0800180c                ETH_WKUP_IRQHandler
 *fill*         0x0800181a        0x2 
 .text.dma_reset
                0x0800181c       0x74 ./Core/Src/peri/eth.o
 .text.eth_config
                0x08001890      0x150 ./Core/Src/peri/eth.o
 .text.desc_config
                0x080019e0       0x48 ./Core/Src/peri/eth.o
 .text.send_wait
                0x08001a28       0x6c ./Core/Src/peri/eth.o
 .text.eth_init
                0x08001a94       0x54 ./Core/Src/peri/eth.o
                0x08001a94                eth_init
 .text.eth_open
                0x08001ae8       0x4c ./Core/Src/peri/eth.o
                0x08001ae8                eth_open
 .text.eth_send
                0x08001b34      0x104 ./Core/Src/peri/eth.o
                0x08001b34                eth_send
 .text.usart_common_handler
                0x08001c38      0x148 ./Core/Src/peri/usart.o
                0x08001c38                usart_common_handler
 .text.USART1_IRQHandler
                0x08001d80        0xe ./Core/Src/peri/usart.o
                0x08001d80                USART1_IRQHandler
 .text.USART2_IRQHandler
                0x08001d8e        0xe ./Core/Src/peri/usart.o
                0x08001d8e                USART2_IRQHandler
 .text.usart_config
                0x08001d9c      0x10c ./Core/Src/peri/usart.o
                0x08001d9c                usart_config
 .text.usart_init
                0x08001ea8       0x48 ./Core/Src/peri/usart.o
                0x08001ea8                usart_init
 .text.usart_open
                0x08001ef0       0x8c ./Core/Src/peri/usart.o
                0x08001ef0                usart_open
 .text.usart_send
                0x08001f7c       0xd8 ./Core/Src/peri/usart.o
                0x08001f7c                usart_send
 .text.usart_recv
                0x08002054       0xbc ./Core/Src/peri/usart.o
                0x08002054                usart_recv
 .text.Reset_Handler
                0x08002110       0x50 ./Core/Startup/startup_stm32f769nihx.o
                0x08002110                Reset_Handler
 .text.Default_Handler
                0x08002160        0x2 ./Core/Startup/startup_stm32f769nihx.o
                0x08002160                RTC_Alarm_IRQHandler
                0x08002160                EXTI2_IRQHandler
                0x08002160                TIM8_CC_IRQHandler
                0x08002160                UART8_IRQHandler
                0x08002160                SPI4_IRQHandler
                0x08002160                TIM1_CC_IRQHandler
                0x08002160                DMA2_Stream5_IRQHandler
                0x08002160                JPEG_IRQHandler
                0x08002160                DMA1_Stream5_IRQHandler
                0x08002160                CAN3_RX1_IRQHandler
                0x08002160                PVD_IRQHandler
                0x08002160                TAMP_STAMP_IRQHandler
                0x08002160                CAN2_RX1_IRQHandler
                0x08002160                EXTI3_IRQHandler
                0x08002160                TIM8_TRG_COM_TIM14_IRQHandler
                0x08002160                DFSDM1_FLT1_IRQHandler
                0x08002160                TIM1_UP_TIM10_IRQHandler
                0x08002160                TIM8_UP_TIM13_IRQHandler
                0x08002160                I2C3_ER_IRQHandler
                0x08002160                DFSDM1_FLT2_IRQHandler
                0x08002160                EXTI0_IRQHandler
                0x08002160                I2C2_EV_IRQHandler
                0x08002160                DMA1_Stream2_IRQHandler
                0x08002160                CAN1_RX0_IRQHandler
                0x08002160                FPU_IRQHandler
                0x08002160                OTG_HS_WKUP_IRQHandler
                0x08002160                CAN3_SCE_IRQHandler
                0x08002160                LTDC_ER_IRQHandler
                0x08002160                CAN2_SCE_IRQHandler
                0x08002160                DMA2_Stream2_IRQHandler
                0x08002160                SPI1_IRQHandler
                0x08002160                TIM6_DAC_IRQHandler
                0x08002160                TIM1_BRK_TIM9_IRQHandler
                0x08002160                DCMI_IRQHandler
                0x08002160                CAN2_RX0_IRQHandler
                0x08002160                DMA2_Stream3_IRQHandler
                0x08002160                SAI2_IRQHandler
                0x08002160                DFSDM1_FLT3_IRQHandler
                0x08002160                USART6_IRQHandler
                0x08002160                CAN3_RX0_IRQHandler
                0x08002160                USART3_IRQHandler
                0x08002160                CAN1_RX1_IRQHandler
                0x08002160                UART5_IRQHandler
                0x08002160                DMA2_Stream0_IRQHandler
                0x08002160                TIM4_IRQHandler
                0x08002160                QUADSPI_IRQHandler
                0x08002160                I2C1_EV_IRQHandler
                0x08002160                DMA1_Stream6_IRQHandler
                0x08002160                DMA1_Stream1_IRQHandler
                0x08002160                UART4_IRQHandler
                0x08002160                TIM3_IRQHandler
                0x08002160                RCC_IRQHandler
                0x08002160                TIM8_BRK_TIM12_IRQHandler
                0x08002160                Default_Handler
                0x08002160                CEC_IRQHandler
                0x08002160                EXTI15_10_IRQHandler
                0x08002160                ADC_IRQHandler
                0x08002160                DMA1_Stream7_IRQHandler
                0x08002160                SPI5_IRQHandler
                0x08002160                TIM7_IRQHandler
                0x08002160                SDMMC1_IRQHandler
                0x08002160                CAN2_TX_IRQHandler
                0x08002160                TIM5_IRQHandler
                0x08002160                DMA2_Stream7_IRQHandler
                0x08002160                I2C3_EV_IRQHandler
                0x08002160                EXTI9_5_IRQHandler
                0x08002160                RTC_WKUP_IRQHandler
                0x08002160                LTDC_IRQHandler
                0x08002160                SPDIF_RX_IRQHandler
                0x08002160                SPI2_IRQHandler
                0x08002160                OTG_HS_EP1_IN_IRQHandler
                0x08002160                DMA1_Stream0_IRQHandler
                0x08002160                CAN1_TX_IRQHandler
                0x08002160                EXTI4_IRQHandler
                0x08002160                RNG_IRQHandler
                0x08002160                DSI_IRQHandler
                0x08002160                OTG_HS_EP1_OUT_IRQHandler
                0x08002160                WWDG_IRQHandler
                0x08002160                SPI6_IRQHandler
                0x08002160                MDIOS_IRQHandler
                0x08002160                I2C4_EV_IRQHandler
                0x08002160                CAN3_TX_IRQHandler
                0x08002160                TIM2_IRQHandler
                0x08002160                OTG_FS_WKUP_IRQHandler
                0x08002160                TIM1_TRG_COM_TIM11_IRQHandler
                0x08002160                OTG_HS_IRQHandler
                0x08002160                DMA2D_IRQHandler
                0x08002160                EXTI1_IRQHandler
                0x08002160                SDMMC2_IRQHandler
                0x08002160                UART7_IRQHandler
                0x08002160                DFSDM1_FLT0_IRQHandler
                0x08002160                I2C2_ER_IRQHandler
                0x08002160                DMA2_Stream1_IRQHandler
                0x08002160                CAN1_SCE_IRQHandler
                0x08002160                FLASH_IRQHandler
                0x08002160                DMA2_Stream4_IRQHandler
                0x08002160                OTG_FS_IRQHandler
                0x08002160                SPI3_IRQHandler
                0x08002160                DMA1_Stream4_IRQHandler
                0x08002160                I2C1_ER_IRQHandler
                0x08002160                FMC_IRQHandler
                0x08002160                LPTIM1_IRQHandler
                0x08002160                I2C4_ER_IRQHandler
                0x08002160                DMA2_Stream6_IRQHandler
                0x08002160                SAI1_IRQHandler
                0x08002160                DMA1_Stream3_IRQHandler
 .text.HAL_Init
                0x08002162       0x1a ./Drivers/STM32F7xx_HAL_Driver/Src/stm32f7xx_hal.o
                0x08002162                HAL_Init
 .text.HAL_InitTick
                0x0800217c       0x60 ./Drivers/STM32F7xx_HAL_Driver/Src/stm32f7xx_hal.o
                0x0800217c                HAL_InitTick
 .text.HAL_IncTick
                0x080021dc       0x28 ./Drivers/STM32F7xx_HAL_Driver/Src/stm32f7xx_hal.o
                0x080021dc                HAL_IncTick
 .text.HAL_GetTick
                0x08002204       0x18 ./Drivers/STM32F7xx_HAL_Driver/Src/stm32f7xx_hal.o
                0x08002204                HAL_GetTick
 .text.__NVIC_SetPriorityGrouping
                0x0800221c       0x48 ./Drivers/STM32F7xx_HAL_Driver/Src/stm32f7xx_hal_cortex.o
 .text.__NVIC_GetPriorityGrouping
                0x08002264       0x1c ./Drivers/STM32F7xx_HAL_Driver/Src/stm32f7xx_hal_cortex.o
 .text.__NVIC_EnableIRQ
                0x08002280       0x3c ./Drivers/STM32F7xx_HAL_Driver/Src/stm32f7xx_hal_cortex.o
 .text.__NVIC_SetPriority
                0x080022bc       0x54 ./Drivers/STM32F7xx_HAL_Driver/Src/stm32f7xx_hal_cortex.o
 .text.NVIC_EncodePriority
                0x08002310       0x66 ./Drivers/STM32F7xx_HAL_Driver/Src/stm32f7xx_hal_cortex.o
 *fill*         0x08002376        0x2 
 .text.SysTick_Config
                0x08002378       0x44 ./Drivers/STM32F7xx_HAL_Driver/Src/stm32f7xx_hal_cortex.o
 .text.HAL_NVIC_SetPriorityGrouping
                0x080023bc       0x16 ./Drivers/STM32F7xx_HAL_Driver/Src/stm32f7xx_hal_cortex.o
                0x080023bc                HAL_NVIC_SetPriorityGrouping
 .text.HAL_NVIC_SetPriority
                0x080023d2       0x38 ./Drivers/STM32F7xx_HAL_Driver/Src/stm32f7xx_hal_cortex.o
                0x080023d2                HAL_NVIC_SetPriority
 .text.HAL_NVIC_EnableIRQ
                0x0800240a       0x1c ./Drivers/STM32F7xx_HAL_Driver/Src/stm32f7xx_hal_cortex.o
                0x0800240a                HAL_NVIC_EnableIRQ
 .text.HAL_SYSTICK_Config
                0x08002426       0x18 ./Drivers/STM32F7xx_HAL_Driver/Src/stm32f7xx_hal_cortex.o
                0x08002426                HAL_SYSTICK_Config
 *fill*         0x0800243e        0x2 
 .text.HAL_MPU_Disable
                0x08002440       0x30 ./Drivers/STM32F7xx_HAL_Driver/Src/stm32f7xx_hal_cortex.o
                0x08002440                HAL_MPU_Disable
 .text.HAL_MPU_Enable
                0x08002470       0x40 ./Drivers/STM32F7xx_HAL_Driver/Src/stm32f7xx_hal_cortex.o
                0x08002470                HAL_MPU_Enable
 .text.HAL_MPU_ConfigRegion
                0x080024b0       0x80 ./Drivers/STM32F7xx_HAL_Driver/Src/stm32f7xx_hal_cortex.o
                0x080024b0                HAL_MPU_ConfigRegion
 .text.HAL_GPIO_Init
                0x08002530      0x358 ./Drivers/STM32F7xx_HAL_Driver/Src/stm32f7xx_hal_gpio.o
                0x08002530                HAL_GPIO_Init
 .text.HAL_PWREx_EnableOverDrive
                0x08002888       0xa0 ./Drivers/STM32F7xx_HAL_Driver/Src/stm32f7xx_hal_pwr_ex.o
                0x08002888                HAL_PWREx_EnableOverDrive
 .text.HAL_RCC_OscConfig
                0x08002928      0x55c ./Drivers/STM32F7xx_HAL_Driver/Src/stm32f7xx_hal_rcc.o
                0x08002928                HAL_RCC_OscConfig
 .text.HAL_RCC_ClockConfig
                0x08002e84      0x1d8 ./Drivers/STM32F7xx_HAL_Driver/Src/stm32f7xx_hal_rcc.o
                0x08002e84                HAL_RCC_ClockConfig
 .text.HAL_RCC_GetSysClockFreq
                0x0800305c      0x18c ./Drivers/STM32F7xx_HAL_Driver/Src/stm32f7xx_hal_rcc.o
                0x0800305c                HAL_RCC_GetSysClockFreq
 .text.HAL_RCC_GetHCLKFreq
                0x080031e8       0x18 ./Drivers/STM32F7xx_HAL_Driver/Src/stm32f7xx_hal_rcc.o
                0x080031e8                HAL_RCC_GetHCLKFreq
 .text.HAL_RCC_GetPCLK1Freq
                0x08003200       0x28 ./Drivers/STM32F7xx_HAL_Driver/Src/stm32f7xx_hal_rcc.o
                0x08003200                HAL_RCC_GetPCLK1Freq
 .text.HAL_RCC_GetPCLK2Freq
                0x08003228       0x28 ./Drivers/STM32F7xx_HAL_Driver/Src/stm32f7xx_hal_rcc.o
                0x08003228                HAL_RCC_GetPCLK2Freq
 .text.HAL_RCCEx_PeriphCLKConfig
                0x08003250      0x850 ./Drivers/STM32F7xx_HAL_Driver/Src/stm32f7xx_hal_rcc_ex.o
                0x08003250                HAL_RCCEx_PeriphCLKConfig
 .text.HAL_UART_Init
                0x08003aa0       0x9c ./Drivers/STM32F7xx_HAL_Driver/Src/stm32f7xx_hal_uart.o
                0x08003aa0                HAL_UART_Init
 .text.UART_SetConfig
                0x08003b3c      0x4c8 ./Drivers/STM32F7xx_HAL_Driver/Src/stm32f7xx_hal_uart.o
                0x08003b3c                UART_SetConfig
 .text.UART_AdvFeatureConfig
                0x08004004      0x144 ./Drivers/STM32F7xx_HAL_Driver/Src/stm32f7xx_hal_uart.o
                0x08004004                UART_AdvFeatureConfig
 .text.UART_CheckIdleState
                0x08004148      0x150 ./Drivers/STM32F7xx_HAL_Driver/Src/stm32f7xx_hal_uart.o
                0x08004148                UART_CheckIdleState
 .text.UART_WaitOnFlagUntilTimeout
                0x08004298       0xda ./Drivers/STM32F7xx_HAL_Driver/Src/stm32f7xx_hal_uart.o
                0x08004298                UART_WaitOnFlagUntilTimeout
 .text.UART_EndRxTransfer
                0x08004372       0xc8 ./Drivers/STM32F7xx_HAL_Driver/Src/stm32f7xx_hal_uart.o
 .text.makeFreeRtosPriority
                0x0800443a       0x30 ./Middlewares/Third_Party/FreeRTOS/Source/CMSIS_RTOS/cmsis_os.o
 .text.inHandlerMode
                0x0800446a       0x24 ./Middlewares/Third_Party/FreeRTOS/Source/CMSIS_RTOS/cmsis_os.o
 .text.osKernelStart
                0x0800448e        0xe ./Middlewares/Third_Party/FreeRTOS/Source/CMSIS_RTOS/cmsis_os.o
                0x0800448e                osKernelStart
 .text.osThreadCreate
                0x0800449c       0x98 ./Middlewares/Third_Party/FreeRTOS/Source/CMSIS_RTOS/cmsis_os.o
                0x0800449c                osThreadCreate
 .text.osThreadGetId
                0x08004534        0xe ./Middlewares/Third_Party/FreeRTOS/Source/CMSIS_RTOS/cmsis_os.o
                0x08004534                osThreadGetId
 .text.osDelay  0x08004542       0x28 ./Middlewares/Third_Party/FreeRTOS/Source/CMSIS_RTOS/cmsis_os.o
                0x08004542                osDelay
 *fill*         0x0800456a        0x2 
 .text.osSignalSet
                0x0800456c       0x80 ./Middlewares/Third_Party/FreeRTOS/Source/CMSIS_RTOS/cmsis_os.o
                0x0800456c                osSignalSet
 .text.osSignalWait
                0x080045ec       0x98 ./Middlewares/Third_Party/FreeRTOS/Source/CMSIS_RTOS/cmsis_os.o
                0x080045ec                osSignalWait
 .text.osPoolCreate
                0x08004684       0xba ./Middlewares/Third_Party/FreeRTOS/Source/CMSIS_RTOS/cmsis_os.o
                0x08004684                osPoolCreate
 .text.osPoolAlloc
                0x0800473e       0xc8 ./Middlewares/Third_Party/FreeRTOS/Source/CMSIS_RTOS/cmsis_os.o
                0x0800473e                osPoolAlloc
 .text.osPoolFree
                0x08004806       0x82 ./Middlewares/Third_Party/FreeRTOS/Source/CMSIS_RTOS/cmsis_os.o
                0x08004806                osPoolFree
 .text.osMailCreate
                0x08004888       0xb0 ./Middlewares/Third_Party/FreeRTOS/Source/CMSIS_RTOS/cmsis_os.o
                0x08004888                osMailCreate
 .text.osMailAlloc
                0x08004938       0x2a ./Middlewares/Third_Party/FreeRTOS/Source/CMSIS_RTOS/cmsis_os.o
                0x08004938                osMailAlloc
 *fill*         0x08004962        0x2 
 .text.osMailPut
                0x08004964       0x7c ./Middlewares/Third_Party/FreeRTOS/Source/CMSIS_RTOS/cmsis_os.o
                0x08004964                osMailPut
 .text.osMailGet
                0x080049e0       0xe8 ./Middlewares/Third_Party/FreeRTOS/Source/CMSIS_RTOS/cmsis_os.o
                0x080049e0                osMailGet
 .text.osMailFree
                0x08004ac8       0x2a ./Middlewares/Third_Party/FreeRTOS/Source/CMSIS_RTOS/cmsis_os.o
                0x08004ac8                osMailFree
 .text.vListInitialise
                0x08004af2       0x40 ./Middlewares/Third_Party/FreeRTOS/Source/list.o
                0x08004af2                vListInitialise
 .text.vListInitialiseItem
                0x08004b32       0x1a ./Middlewares/Third_Party/FreeRTOS/Source/list.o
                0x08004b32                vListInitialiseItem
 .text.vListInsertEnd
                0x08004b4c       0x48 ./Middlewares/Third_Party/FreeRTOS/Source/list.o
                0x08004b4c                vListInsertEnd
 .text.vListInsert
                0x08004b94       0x72 ./Middlewares/Third_Party/FreeRTOS/Source/list.o
                0x08004b94                vListInsert
 .text.uxListRemove
                0x08004c06       0x54 ./Middlewares/Third_Party/FreeRTOS/Source/list.o
                0x08004c06                uxListRemove
 *fill*         0x08004c5a        0x2 
 .text.xQueueGenericReset
                0x08004c5c       0xd8 ./Middlewares/Third_Party/FreeRTOS/Source/queue.o
                0x08004c5c                xQueueGenericReset
 .text.xQueueGenericCreate
                0x08004d34       0x86 ./Middlewares/Third_Party/FreeRTOS/Source/queue.o
                0x08004d34                xQueueGenericCreate
 .text.prvInitialiseNewQueue
                0x08004dba       0x3e ./Middlewares/Third_Party/FreeRTOS/Source/queue.o
 .text.xQueueGenericSend
                0x08004df8      0x214 ./Middlewares/Third_Party/FreeRTOS/Source/queue.o
                0x08004df8                xQueueGenericSend
 .text.xQueueGenericSendFromISR
                0x0800500c      0x146 ./Middlewares/Third_Party/FreeRTOS/Source/queue.o
                0x0800500c                xQueueGenericSendFromISR
 *fill*         0x08005152        0x2 
 .text.xQueueReceive
                0x08005154      0x1d0 ./Middlewares/Third_Party/FreeRTOS/Source/queue.o
                0x08005154                xQueueReceive
 .text.xQueueReceiveFromISR
                0x08005324      0x110 ./Middlewares/Third_Party/FreeRTOS/Source/queue.o
                0x08005324                xQueueReceiveFromISR
 .text.prvCopyDataToQueue
                0x08005434       0xd4 ./Middlewares/Third_Party/FreeRTOS/Source/queue.o
 .text.prvCopyDataFromQueue
                0x08005508       0x4c ./Middlewares/Third_Party/FreeRTOS/Source/queue.o
 .text.prvUnlockQueue
                0x08005554       0xa4 ./Middlewares/Third_Party/FreeRTOS/Source/queue.o
 .text.prvIsQueueEmpty
                0x080055f8       0x2c ./Middlewares/Third_Party/FreeRTOS/Source/queue.o
 .text.prvIsQueueFull
                0x08005624       0x30 ./Middlewares/Third_Party/FreeRTOS/Source/queue.o
 .text.xTaskCreateStatic
                0x08005654       0xcc ./Middlewares/Third_Party/FreeRTOS/Source/tasks.o
                0x08005654                xTaskCreateStatic
 .text.xTaskCreate
                0x08005720       0x8a ./Middlewares/Third_Party/FreeRTOS/Source/tasks.o
                0x08005720                xTaskCreate
 .text.prvInitialiseNewTask
                0x080057aa      0x114 ./Middlewares/Third_Party/FreeRTOS/Source/tasks.o
 *fill*         0x080058be        0x2 
 .text.prvAddNewTaskToReadyList
                0x080058c0       0xd4 ./Middlewares/Third_Party/FreeRTOS/Source/tasks.o
 .text.vTaskDelay
                0x08005994       0x70 ./Middlewares/Third_Party/FreeRTOS/Source/tasks.o
                0x08005994                vTaskDelay
 .text.vTaskStartScheduler
                0x08005a04       0xcc ./Middlewares/Third_Party/FreeRTOS/Source/tasks.o
                0x08005a04                vTaskStartScheduler
 .text.vTaskSuspendAll
                0x08005ad0       0x1c ./Middlewares/Third_Party/FreeRTOS/Source/tasks.o
                0x08005ad0                vTaskSuspendAll
 .text.xTaskResumeAll
                0x08005aec      0x140 ./Middlewares/Third_Party/FreeRTOS/Source/tasks.o
                0x08005aec                xTaskResumeAll
 .text.xTaskIncrementTick
                0x08005c2c      0x178 ./Middlewares/Third_Party/FreeRTOS/Source/tasks.o
                0x08005c2c                xTaskIncrementTick
 .text.vTaskSwitchContext
                0x08005da4       0xbc ./Middlewares/Third_Party/FreeRTOS/Source/tasks.o
                0x08005da4                vTaskSwitchContext
 .text.vTaskPlaceOnEventList
                0x08005e60       0x50 ./Middlewares/Third_Party/FreeRTOS/Source/tasks.o
                0x08005e60                vTaskPlaceOnEventList
 .text.xTaskRemoveFromEventList
                0x08005eb0       0xcc ./Middlewares/Third_Party/FreeRTOS/Source/tasks.o
                0x08005eb0                xTaskRemoveFromEventList
 .text.vTaskInternalSetTimeOutState
                0x08005f7c       0x2c ./Middlewares/Third_Party/FreeRTOS/Source/tasks.o
                0x08005f7c                vTaskInternalSetTimeOutState
 .text.xTaskCheckForTimeOut
                0x08005fa8       0xd0 ./Middlewares/Third_Party/FreeRTOS/Source/tasks.o
                0x08005fa8                xTaskCheckForTimeOut
 .text.vTaskMissedYield
                0x08006078       0x18 ./Middlewares/Third_Party/FreeRTOS/Source/tasks.o
                0x08006078                vTaskMissedYield
 .text.prvIdleTask
                0x08006090       0x30 ./Middlewares/Third_Party/FreeRTOS/Source/tasks.o
 .text.prvInitialiseTaskLists
                0x080060c0       0x80 ./Middlewares/Third_Party/FreeRTOS/Source/tasks.o
 .text.prvCheckTasksWaitingTermination
                0x08006140       0x5c ./Middlewares/Third_Party/FreeRTOS/Source/tasks.o
 .text.prvDeleteTCB
                0x0800619c       0x64 ./Middlewares/Third_Party/FreeRTOS/Source/tasks.o
 .text.prvResetNextTaskUnblockTime
                0x08006200       0x40 ./Middlewares/Third_Party/FreeRTOS/Source/tasks.o
 .text.xTaskGetCurrentTaskHandle
                0x08006240       0x20 ./Middlewares/Third_Party/FreeRTOS/Source/tasks.o
                0x08006240                xTaskGetCurrentTaskHandle
 .text.xTaskGetSchedulerState
                0x08006260       0x3c ./Middlewares/Third_Party/FreeRTOS/Source/tasks.o
                0x08006260                xTaskGetSchedulerState
 .text.xTaskPriorityDisinherit
                0x0800629c      0x118 ./Middlewares/Third_Party/FreeRTOS/Source/tasks.o
                0x0800629c                xTaskPriorityDisinherit
 .text.xTaskNotifyWait
                0x080063b4       0xb4 ./Middlewares/Third_Party/FreeRTOS/Source/tasks.o
                0x080063b4                xTaskNotifyWait
 .text.xTaskGenericNotify
                0x08006468      0x17c ./Middlewares/Third_Party/FreeRTOS/Source/tasks.o
                0x08006468                xTaskGenericNotify
 .text.xTaskGenericNotifyFromISR
                0x080065e4      0x1cc ./Middlewares/Third_Party/FreeRTOS/Source/tasks.o
                0x080065e4                xTaskGenericNotifyFromISR
 .text.prvAddCurrentTaskToDelayedList
                0x080067b0       0xcc ./Middlewares/Third_Party/FreeRTOS/Source/tasks.o
 .text.pxPortInitialiseStack
                0x0800687c       0x68 ./Middlewares/Third_Party/FreeRTOS/Source/portable/GCC/ARM_CM7/r0p1/port.o
                0x0800687c                pxPortInitialiseStack
 .text.prvTaskExitError
                0x080068e4       0x64 ./Middlewares/Third_Party/FreeRTOS/Source/portable/GCC/ARM_CM7/r0p1/port.o
 *fill*         0x08006948        0x8 
 .text.SVC_Handler
                0x08006950       0x28 ./Middlewares/Third_Party/FreeRTOS/Source/portable/GCC/ARM_CM7/r0p1/port.o
                0x08006950                SVC_Handler
 .text.prvPortStartFirstTask
                0x08006978       0x28 ./Middlewares/Third_Party/FreeRTOS/Source/portable/GCC/ARM_CM7/r0p1/port.o
 .text.xPortStartScheduler
                0x080069a0       0xfc ./Middlewares/Third_Party/FreeRTOS/Source/portable/GCC/ARM_CM7/r0p1/port.o
                0x080069a0                xPortStartScheduler
 .text.vPortEnterCritical
                0x08006a9c       0x6c ./Middlewares/Third_Party/FreeRTOS/Source/portable/GCC/ARM_CM7/r0p1/port.o
                0x08006a9c                vPortEnterCritical
 .text.vPortExitCritical
                0x08006b08       0x58 ./Middlewares/Third_Party/FreeRTOS/Source/portable/GCC/ARM_CM7/r0p1/port.o
                0x08006b08                vPortExitCritical
 .text.PendSV_Handler
                0x08006b60       0x68 ./Middlewares/Third_Party/FreeRTOS/Source/portable/GCC/ARM_CM7/r0p1/port.o
                0x08006b60                PendSV_Handler
 .text.xPortSysTickHandler
                0x08006bc8       0x48 ./Middlewares/Third_Party/FreeRTOS/Source/portable/GCC/ARM_CM7/r0p1/port.o
                0x08006bc8                xPortSysTickHandler
 .text.vPortSetupTimerInterrupt
                0x08006c10       0x48 ./Middlewares/Third_Party/FreeRTOS/Source/portable/GCC/ARM_CM7/r0p1/port.o
                0x08006c10                vPortSetupTimerInterrupt
 .text.vPortEnableVFP
                0x08006c58       0x14 ./Middlewares/Third_Party/FreeRTOS/Source/portable/GCC/ARM_CM7/r0p1/port.o
 .text.vPortValidateInterruptPriority
                0x08006c6c       0x8c ./Middlewares/Third_Party/FreeRTOS/Source/portable/GCC/ARM_CM7/r0p1/port.o
                0x08006c6c                vPortValidateInterruptPriority
 .text.pvPortMalloc
                0x08006cf8      0x19c ./Middlewares/Third_Party/FreeRTOS/Source/portable/MemMang/heap_4.o
                0x08006cf8                pvPortMalloc
 .text.vPortFree
                0x08006e94       0xc0 ./Middlewares/Third_Party/FreeRTOS/Source/portable/MemMang/heap_4.o
                0x08006e94                vPortFree
 .text.prvHeapInit
                0x08006f54       0xc4 ./Middlewares/Third_Party/FreeRTOS/Source/portable/MemMang/heap_4.o
 .text.prvInsertBlockIntoFreeList
                0x08007018       0xb4 ./Middlewares/Third_Party/FreeRTOS/Source/portable/MemMang/heap_4.o
 .text.atoi     0x080070cc        0x8 C:/ST/STM32CubeIDE_1.17.0/STM32CubeIDE/plugins/com.st.stm32cube.ide.mcu.externaltools.gnu-tools-for-stm32.13.3.rel1.win32_1.0.0.202411081344/tools/bin/../lib/gcc/arm-none-eabi/13.3.1/../../../../arm-none-eabi/lib/thumb/v7e-m+dp/hard\libc_nano.a(libc_a-atoi.o)
                0x080070cc                atoi
 .text._strtol_l.isra.0
                0x080070d4       0xf4 C:/ST/STM32CubeIDE_1.17.0/STM32CubeIDE/plugins/com.st.stm32cube.ide.mcu.externaltools.gnu-tools-for-stm32.13.3.rel1.win32_1.0.0.202411081344/tools/bin/../lib/gcc/arm-none-eabi/13.3.1/../../../../arm-none-eabi/lib/thumb/v7e-m+dp/hard\libc_nano.a(libc_a-strtol.o)
 .text.strtol   0x080071c8       0x14 C:/ST/STM32CubeIDE_1.17.0/STM32CubeIDE/plugins/com.st.stm32cube.ide.mcu.externaltools.gnu-tools-for-stm32.13.3.rel1.win32_1.0.0.202411081344/tools/bin/../lib/gcc/arm-none-eabi/13.3.1/../../../../arm-none-eabi/lib/thumb/v7e-m+dp/hard\libc_nano.a(libc_a-strtol.o)
                0x080071c8                strtol
 .text.memcmp   0x080071dc       0x20 C:/ST/STM32CubeIDE_1.17.0/STM32CubeIDE/plugins/com.st.stm32cube.ide.mcu.externaltools.gnu-tools-for-stm32.13.3.rel1.win32_1.0.0.202411081344/tools/bin/../lib/gcc/arm-none-eabi/13.3.1/../../../../arm-none-eabi/lib/thumb/v7e-m+dp/hard\libc_nano.a(libc_a-memcmp.o)
                0x080071dc                memcmp
 .text.memset   0x080071fc       0x10 C:/ST/STM32CubeIDE_1.17.0/STM32CubeIDE/plugins/com.st.stm32cube.ide.mcu.externaltools.gnu-tools-for-stm32.13.3.rel1.win32_1.0.0.202411081344/tools/bin/../lib/gcc/arm-none-eabi/13.3.1/../../../../arm-none-eabi/lib/thumb/v7e-m+dp/hard\libc_nano.a(libc_a-memset.o)
                0x080071fc                memset
 .text.strchr   0x0800720c       0x1a C:/ST/STM32CubeIDE_1.17.0/STM32CubeIDE/plugins/com.st.stm32cube.ide.mcu.externaltools.gnu-tools-for-stm32.13.3.rel1.win32_1.0.0.202411081344/tools/bin/../lib/gcc/arm-none-eabi/13.3.1/../../../../arm-none-eabi/lib/thumb/v7e-m+dp/hard\libc_nano.a(libc_a-strchr.o)
                0x0800720c                strchr
 *fill*         0x08007226        0x2 
 .text.__errno  0x08007228        0xc C:/ST/STM32CubeIDE_1.17.0/STM32CubeIDE/plugins/com.st.stm32cube.ide.mcu.externaltools.gnu-tools-for-stm32.13.3.rel1.win32_1.0.0.202411081344/tools/bin/../lib/gcc/arm-none-eabi/13.3.1/../../../../arm-none-eabi/lib/thumb/v7e-m+dp/hard\libc_nano.a(libc_a-errno.o)
                0x08007228                __errno
 .text.__libc_init_array
                0x08007234       0x48 C:/ST/STM32CubeIDE_1.17.0/STM32CubeIDE/plugins/com.st.stm32cube.ide.mcu.externaltools.gnu-tools-for-stm32.13.3.rel1.win32_1.0.0.202411081344/tools/bin/../lib/gcc/arm-none-eabi/13.3.1/../../../../arm-none-eabi/lib/thumb/v7e-m+dp/hard\libc_nano.a(libc_a-init.o)
                0x08007234                __libc_init_array
 .text.memcpy   0x0800727c       0x1c C:/ST/STM32CubeIDE_1.17.0/STM32CubeIDE/plugins/com.st.stm32cube.ide.mcu.externaltools.gnu-tools-for-stm32.13.3.rel1.win32_1.0.0.202411081344/tools/bin/../lib/gcc/arm-none-eabi/13.3.1/../../../../arm-none-eabi/lib/thumb/v7e-m+dp/hard\libc_nano.a(libc_a-memcpy-stub.o)
                0x0800727c                memcpy
 *(.glue_7)
 .glue_7        0x08007298        0x0 linker stubs
 *(.glue_7t)
 .glue_7t       0x08007298        0x0 linker stubs
 *(.eh_frame)
 .eh_frame      0x08007298        0x0 C:/ST/STM32CubeIDE_1.17.0/STM32CubeIDE/plugins/com.st.stm32cube.ide.mcu.externaltools.gnu-tools-for-stm32.13.3.rel1.win32_1.0.0.202411081344/tools/bin/../lib/gcc/arm-none-eabi/13.3.1/thumb/v7e-m+dp/hard/crtbegin.o
 *(.init)
 .init          0x08007298        0x4 C:/ST/STM32CubeIDE_1.17.0/STM32CubeIDE/plugins/com.st.stm32cube.ide.mcu.externaltools.gnu-tools-for-stm32.13.3.rel1.win32_1.0.0.202411081344/tools/bin/../lib/gcc/arm-none-eabi/13.3.1/thumb/v7e-m+dp/hard/crti.o
                0x08007298                _init
 .init          0x0800729c        0x8 C:/ST/STM32CubeIDE_1.17.0/STM32CubeIDE/plugins/com.st.stm32cube.ide.mcu.externaltools.gnu-tools-for-stm32.13.3.rel1.win32_1.0.0.202411081344/tools/bin/../lib/gcc/arm-none-eabi/13.3.1/thumb/v7e-m+dp/hard/crtn.o
 *(.fini)
 .fini          0x080072a4        0x4 C:/ST/STM32CubeIDE_1.17.0/STM32CubeIDE/plugins/com.st.stm32cube.ide.mcu.externaltools.gnu-tools-for-stm32.13.3.rel1.win32_1.0.0.202411081344/tools/bin/../lib/gcc/arm-none-eabi/13.3.1/thumb/v7e-m+dp/hard/crti.o
                0x080072a4                _fini
 .fini          0x080072a8        0x8 C:/ST/STM32CubeIDE_1.17.0/STM32CubeIDE/plugins/com.st.stm32cube.ide.mcu.externaltools.gnu-tools-for-stm32.13.3.rel1.win32_1.0.0.202411081344/tools/bin/../lib/gcc/arm-none-eabi/13.3.1/thumb/v7e-m+dp/hard/crtn.o
                0x080072b0                        . = ALIGN (0x4)
                0x080072b0                        _etext = .

.vfp11_veneer   0x080072b0        0x0
 .vfp11_veneer  0x080072b0        0x0 linker stubs

.v4_bx          0x080072b0        0x0
 .v4_bx         0x080072b0        0x0 linker stubs

.iplt           0x080072b0        0x0
 .iplt          0x080072b0        0x0 C:/ST/STM32CubeIDE_1.17.0/STM32CubeIDE/plugins/com.st.stm32cube.ide.mcu.externaltools.gnu-tools-for-stm32.13.3.rel1.win32_1.0.0.202411081344/tools/bin/../lib/gcc/arm-none-eabi/13.3.1/thumb/v7e-m+dp/hard/crtbegin.o

.rodata         0x080072b0      0x278
                0x080072b0                        . = ALIGN (0x4)
 *(.rodata)
 .rodata        0x080072b0       0x64 ./Core/Src/app/console.o
 .rodata        0x08007314       0x70 ./Core/Src/drv/eth_test.o
 .rodata        0x08007384       0x28 ./Core/Src/main.o
 .rodata        0x080073ac        0x5 ./Middlewares/Third_Party/FreeRTOS/Source/tasks.o
 *(.rodata*)
 *fill*         0x080073b1        0x3 
 .rodata.eth_open_par
                0x080073b4        0x1 ./Core/Src/drv/eth_test.o
 *fill*         0x080073b5        0x3 
 .rodata.usart_info_tbl
                0x080073b8        0xc ./Core/Src/drv/usart_drv.o
 .rodata.init_func
                0x080073c4        0xc ./Core/Src/main.o
 .rodata.AHBPrescTable
                0x080073d0       0x10 ./Core/Src/system_stm32f7xx.o
                0x080073d0                AHBPrescTable
 .rodata.APBPrescTable
                0x080073e0        0x8 ./Core/Src/system_stm32f7xx.o
                0x080073e0                APBPrescTable
 .rodata.ch_info_tbl
                0x080073e8       0x20 ./Core/Src/peri/usart.o
 .rodata.length_reg_config_tbl
                0x08007408        0x8 ./Core/Src/peri/usart.o
 .rodata.parity_reg_config_tbl
                0x08007410        0xc ./Core/Src/peri/usart.o
 .rodata.stopbit_reg_config_tbl
                0x0800741c        0x8 ./Core/Src/peri/usart.o
 .rodata._ctype_
                0x08007424      0x101 C:/ST/STM32CubeIDE_1.17.0/STM32CubeIDE/plugins/com.st.stm32cube.ide.mcu.externaltools.gnu-tools-for-stm32.13.3.rel1.win32_1.0.0.202411081344/tools/bin/../lib/gcc/arm-none-eabi/13.3.1/../../../../arm-none-eabi/lib/thumb/v7e-m+dp/hard\libc_nano.a(libc_a-ctype_.o)
                0x08007424                _ctype_
                0x08007528                        . = ALIGN (0x4)
 *fill*         0x08007525        0x3 

.ARM.extab      0x08007528        0x0
                0x08007528                        . = ALIGN (0x4)
 *(.ARM.extab* .gnu.linkonce.armextab.*)
                0x08007528                        . = ALIGN (0x4)

.ARM            0x08007528        0x8
                0x08007528                        . = ALIGN (0x4)
                0x08007528                        __exidx_start = .
 *(.ARM.exidx*)
 .ARM.exidx     0x08007528        0x8 C:/ST/STM32CubeIDE_1.17.0/STM32CubeIDE/plugins/com.st.stm32cube.ide.mcu.externaltools.gnu-tools-for-stm32.13.3.rel1.win32_1.0.0.202411081344/tools/bin/../lib/gcc/arm-none-eabi/13.3.1/../../../../arm-none-eabi/lib/thumb/v7e-m+dp/hard\libc_nano.a(libc_a-strlen.o)
 .ARM.exidx     0x08007530        0x0 C:/ST/STM32CubeIDE_1.17.0/STM32CubeIDE/plugins/com.st.stm32cube.ide.mcu.externaltools.gnu-tools-for-stm32.13.3.rel1.win32_1.0.0.202411081344/tools/bin/../lib/gcc/arm-none-eabi/13.3.1/thumb/v7e-m+dp/hard\libgcc.a(_udivmoddi4.o)
                                  0x8 (size before relaxing)
                0x08007530                        __exidx_end = .
                0x08007530                        . = ALIGN (0x4)

.preinit_array  0x08007530        0x0
                0x08007530                        . = ALIGN (0x4)
                0x08007530                        PROVIDE (__preinit_array_start = .)
 *(.preinit_array*)
                0x08007530                        PROVIDE (__preinit_array_end = .)
                0x08007530                        . = ALIGN (0x4)

.init_array     0x08007530        0x4
                0x08007530                        . = ALIGN (0x4)
                0x08007530                        PROVIDE (__init_array_start = .)
 *(SORT_BY_NAME(.init_array.*))
 *(.init_array*)
 .init_array    0x08007530        0x4 C:/ST/STM32CubeIDE_1.17.0/STM32CubeIDE/plugins/com.st.stm32cube.ide.mcu.externaltools.gnu-tools-for-stm32.13.3.rel1.win32_1.0.0.202411081344/tools/bin/../lib/gcc/arm-none-eabi/13.3.1/thumb/v7e-m+dp/hard/crtbegin.o
                0x08007534                        PROVIDE (__init_array_end = .)
                0x08007534                        . = ALIGN (0x4)

.fini_array     0x08007534        0x4
                0x08007534                        . = ALIGN (0x4)
                [!provide]                        PROVIDE (__fini_array_start = .)
 *(SORT_BY_NAME(.fini_array.*))
 *(.fini_array*)
 .fini_array    0x08007534        0x4 C:/ST/STM32CubeIDE_1.17.0/STM32CubeIDE/plugins/com.st.stm32cube.ide.mcu.externaltools.gnu-tools-for-stm32.13.3.rel1.win32_1.0.0.202411081344/tools/bin/../lib/gcc/arm-none-eabi/13.3.1/thumb/v7e-m+dp/hard/crtbegin.o
                [!provide]                        PROVIDE (__fini_array_end = .)
                0x08007538                        . = ALIGN (0x4)
                0x08007538                        _sidata = LOADADDR (.data)

.rel.dyn        0x08007538        0x0
 .rel.iplt      0x08007538        0x0 C:/ST/STM32CubeIDE_1.17.0/STM32CubeIDE/plugins/com.st.stm32cube.ide.mcu.externaltools.gnu-tools-for-stm32.13.3.rel1.win32_1.0.0.202411081344/tools/bin/../lib/gcc/arm-none-eabi/13.3.1/thumb/v7e-m+dp/hard/crtbegin.o

.data           0x20000000     0x4e80 load address 0x08007538
                0x20000000                        . = ALIGN (0x4)
                0x20000000                        _sdata = .
 *(.data)
 *(.data*)
 .data.eth_send_data
                0x20000000     0x4e20 ./Core/Src/drv/eth_send_data.o
                0x20000000                eth_send_data
 .data.SystemCoreClock
                0x20004e20        0x4 ./Core/Src/system_stm32f7xx.o
                0x20004e20                SystemCoreClock
 .data.uwTickPrio
                0x20004e24        0x4 ./Drivers/STM32F7xx_HAL_Driver/Src/stm32f7xx_hal.o
                0x20004e24                uwTickPrio
 .data.uwTickFreq
                0x20004e28        0x1 ./Drivers/STM32F7xx_HAL_Driver/Src/stm32f7xx_hal.o
                0x20004e28                uwTickFreq
 *fill*         0x20004e29        0x3 
 .data.uxCriticalNesting
                0x20004e2c        0x4 ./Middlewares/Third_Party/FreeRTOS/Source/portable/GCC/ARM_CM7/r0p1/port.o
 .data._impure_ptr
                0x20004e30        0x4 C:/ST/STM32CubeIDE_1.17.0/STM32CubeIDE/plugins/com.st.stm32cube.ide.mcu.externaltools.gnu-tools-for-stm32.13.3.rel1.win32_1.0.0.202411081344/tools/bin/../lib/gcc/arm-none-eabi/13.3.1/../../../../arm-none-eabi/lib/thumb/v7e-m+dp/hard\libc_nano.a(libc_a-impure.o)
                0x20004e30                _impure_ptr
 .data._impure_data
                0x20004e34       0x4c C:/ST/STM32CubeIDE_1.17.0/STM32CubeIDE/plugins/com.st.stm32cube.ide.mcu.externaltools.gnu-tools-for-stm32.13.3.rel1.win32_1.0.0.202411081344/tools/bin/../lib/gcc/arm-none-eabi/13.3.1/../../../../arm-none-eabi/lib/thumb/v7e-m+dp/hard\libc_nano.a(libc_a-impure.o)
                0x20004e34                _impure_data
 *(.RamFunc)
 *(.RamFunc*)
                0x20004e80                        . = ALIGN (0x4)
                0x20004e80                        _edata = .

.igot.plt       0x20004e80        0x0 load address 0x0800c3b8
 .igot.plt      0x20004e80        0x0 C:/ST/STM32CubeIDE_1.17.0/STM32CubeIDE/plugins/com.st.stm32cube.ide.mcu.externaltools.gnu-tools-for-stm32.13.3.rel1.win32_1.0.0.202411081344/tools/bin/../lib/gcc/arm-none-eabi/13.3.1/thumb/v7e-m+dp/hard/crtbegin.o
                0x20004e80                        . = ALIGN (0x4)

.bss            0x20004e80     0x4dd0 load address 0x0800c3b8
                0x20004e80                        _sbss = .
                0x20004e80                        __bss_start__ = _sbss
 *(.bss)
 .bss           0x20004e80       0x1c C:/ST/STM32CubeIDE_1.17.0/STM32CubeIDE/plugins/com.st.stm32cube.ide.mcu.externaltools.gnu-tools-for-stm32.13.3.rel1.win32_1.0.0.202411081344/tools/bin/../lib/gcc/arm-none-eabi/13.3.1/thumb/v7e-m+dp/hard/crtbegin.o
 *(.bss*)
 .bss.console_cb
                0x20004e9c       0xd4 ./Core/Src/app/console.o
 .bss.usart_drv_cb
                0x20004f70        0xc ./Core/Src/drv/usart_drv.o
 .bss.xIdleTaskTCBBuffer
                0x20004f7c       0x54 ./Core/Src/freertos.o
 .bss.xIdleStack
                0x20004fd0      0x400 ./Core/Src/freertos.o
 .bss.huart1    0x200053d0       0x88 ./Core/Src/main.o
                0x200053d0                huart1
 .bss.defaultTaskHandle
                0x20005458        0x4 ./Core/Src/main.o
                0x20005458                defaultTaskHandle
 .bss.tmp_heth  0x2000545c       0xb0 ./Core/Src/main.o
 .bss.eth_cb    0x2000550c        0xc ./Core/Src/peri/eth.o
 *fill*         0x20005518        0x8 
 .bss.tx_descriptor
                0x20005520       0x60 ./Core/Src/peri/eth.o
 .bss.usart_cb  0x20005580      0x848 ./Core/Src/peri/usart.o
 .bss.uwTick    0x20005dc8        0x4 ./Drivers/STM32F7xx_HAL_Driver/Src/stm32f7xx_hal.o
                0x20005dc8                uwTick
 .bss.pxCurrentTCB
                0x20005dcc        0x4 ./Middlewares/Third_Party/FreeRTOS/Source/tasks.o
                0x20005dcc                pxCurrentTCB
 .bss.pxReadyTasksLists
                0x20005dd0       0x8c ./Middlewares/Third_Party/FreeRTOS/Source/tasks.o
 .bss.xDelayedTaskList1
                0x20005e5c       0x14 ./Middlewares/Third_Party/FreeRTOS/Source/tasks.o
 .bss.xDelayedTaskList2
                0x20005e70       0x14 ./Middlewares/Third_Party/FreeRTOS/Source/tasks.o
 .bss.pxDelayedTaskList
                0x20005e84        0x4 ./Middlewares/Third_Party/FreeRTOS/Source/tasks.o
 .bss.pxOverflowDelayedTaskList
                0x20005e88        0x4 ./Middlewares/Third_Party/FreeRTOS/Source/tasks.o
 .bss.xPendingReadyList
                0x20005e8c       0x14 ./Middlewares/Third_Party/FreeRTOS/Source/tasks.o
 .bss.xTasksWaitingTermination
                0x20005ea0       0x14 ./Middlewares/Third_Party/FreeRTOS/Source/tasks.o
 .bss.uxDeletedTasksWaitingCleanUp
                0x20005eb4        0x4 ./Middlewares/Third_Party/FreeRTOS/Source/tasks.o
 .bss.xSuspendedTaskList
                0x20005eb8       0x14 ./Middlewares/Third_Party/FreeRTOS/Source/tasks.o
 .bss.uxCurrentNumberOfTasks
                0x20005ecc        0x4 ./Middlewares/Third_Party/FreeRTOS/Source/tasks.o
 .bss.xTickCount
                0x20005ed0        0x4 ./Middlewares/Third_Party/FreeRTOS/Source/tasks.o
 .bss.uxTopReadyPriority
                0x20005ed4        0x4 ./Middlewares/Third_Party/FreeRTOS/Source/tasks.o
 .bss.xSchedulerRunning
                0x20005ed8        0x4 ./Middlewares/Third_Party/FreeRTOS/Source/tasks.o
 .bss.uxPendedTicks
                0x20005edc        0x4 ./Middlewares/Third_Party/FreeRTOS/Source/tasks.o
 .bss.xYieldPending
                0x20005ee0        0x4 ./Middlewares/Third_Party/FreeRTOS/Source/tasks.o
 .bss.xNumOfOverflows
                0x20005ee4        0x4 ./Middlewares/Third_Party/FreeRTOS/Source/tasks.o
 .bss.uxTaskNumber
                0x20005ee8        0x4 ./Middlewares/Third_Party/FreeRTOS/Source/tasks.o
 .bss.xNextTaskUnblockTime
                0x20005eec        0x4 ./Middlewares/Third_Party/FreeRTOS/Source/tasks.o
 .bss.xIdleTaskHandle
                0x20005ef0        0x4 ./Middlewares/Third_Party/FreeRTOS/Source/tasks.o
 .bss.uxSchedulerSuspended
                0x20005ef4        0x4 ./Middlewares/Third_Party/FreeRTOS/Source/tasks.o
 .bss.ucMaxSysCallPriority
                0x20005ef8        0x1 ./Middlewares/Third_Party/FreeRTOS/Source/portable/GCC/ARM_CM7/r0p1/port.o
 *fill*         0x20005ef9        0x3 
 .bss.ulMaxPRIGROUPValue
                0x20005efc        0x4 ./Middlewares/Third_Party/FreeRTOS/Source/portable/GCC/ARM_CM7/r0p1/port.o
 .bss.ucHeap    0x20005f00     0x3c00 ./Middlewares/Third_Party/FreeRTOS/Source/portable/MemMang/heap_4.o
 .bss.xStart    0x20009b00        0x8 ./Middlewares/Third_Party/FreeRTOS/Source/portable/MemMang/heap_4.o
 .bss.pxEnd     0x20009b08        0x4 ./Middlewares/Third_Party/FreeRTOS/Source/portable/MemMang/heap_4.o
 .bss.xFreeBytesRemaining
                0x20009b0c        0x4 ./Middlewares/Third_Party/FreeRTOS/Source/portable/MemMang/heap_4.o
 .bss.xMinimumEverFreeBytesRemaining
                0x20009b10        0x4 ./Middlewares/Third_Party/FreeRTOS/Source/portable/MemMang/heap_4.o
 .bss.xBlockAllocatedBit
                0x20009b14        0x4 ./Middlewares/Third_Party/FreeRTOS/Source/portable/MemMang/heap_4.o
 .bss.__sf      0x20009b18      0x138 C:/ST/STM32CubeIDE_1.17.0/STM32CubeIDE/plugins/com.st.stm32cube.ide.mcu.externaltools.gnu-tools-for-stm32.13.3.rel1.win32_1.0.0.202411081344/tools/bin/../lib/gcc/arm-none-eabi/13.3.1/../../../../arm-none-eabi/lib/thumb/v7e-m+dp/hard\libc_nano.a(libc_a-findfp.o)
                0x20009b18                __sf
 *(COMMON)
                0x20009c50                        . = ALIGN (0x4)
                0x20009c50                        _ebss = .
                0x20009c50                        __bss_end__ = _ebss

._user_heap_stack
                0x20009c50      0x600 load address 0x0800c3b8
                0x20009c50                        . = ALIGN (0x8)
                [!provide]                        PROVIDE (end = .)
                0x20009c50                        PROVIDE (_end = .)
                0x20009e50                        . = (. + _Min_Heap_Size)
 *fill*         0x20009c50      0x200 
                0x2000a250                        . = (. + _Min_Stack_Size)
 *fill*         0x20009e50      0x400 
                0x2000a250                        . = ALIGN (0x8)

/DISCARD/
 libc.a(*)
 libm.a(*)
 libgcc.a(*)

.ARM.attributes
                0x00000000       0x2e
 *(.ARM.attributes)
 .ARM.attributes
                0x00000000       0x20 C:/ST/STM32CubeIDE_1.17.0/STM32CubeIDE/plugins/com.st.stm32cube.ide.mcu.externaltools.gnu-tools-for-stm32.13.3.rel1.win32_1.0.0.202411081344/tools/bin/../lib/gcc/arm-none-eabi/13.3.1/thumb/v7e-m+dp/hard/crti.o
 .ARM.attributes
                0x00000020       0x32 C:/ST/STM32CubeIDE_1.17.0/STM32CubeIDE/plugins/com.st.stm32cube.ide.mcu.externaltools.gnu-tools-for-stm32.13.3.rel1.win32_1.0.0.202411081344/tools/bin/../lib/gcc/arm-none-eabi/13.3.1/thumb/v7e-m+dp/hard/crtbegin.o
 .ARM.attributes
                0x00000052       0x32 ./Core/Src/app/console.o
 .ARM.attributes
                0x00000084       0x32 ./Core/Src/drv/eth_send_data.o
 .ARM.attributes
                0x000000b6       0x32 ./Core/Src/drv/eth_test.o
 .ARM.attributes
                0x000000e8       0x32 ./Core/Src/drv/usart_drv.o
 .ARM.attributes
                0x0000011a       0x32 ./Core/Src/freertos.o
 .ARM.attributes
                0x0000014c       0x32 ./Core/Src/main.o
 .ARM.attributes
                0x0000017e       0x32 ./Core/Src/stm32f7xx_hal_msp.o
 .ARM.attributes
                0x000001b0       0x32 ./Core/Src/stm32f7xx_it.o
 .ARM.attributes
                0x000001e2       0x32 ./Core/Src/system_stm32f7xx.o
 .ARM.attributes
                0x00000214       0x32 ./Core/Src/peri/eth.o
 .ARM.attributes
                0x00000246       0x32 ./Core/Src/peri/usart.o
 .ARM.attributes
                0x00000278       0x21 ./Core/Startup/startup_stm32f769nihx.o
 .ARM.attributes
                0x00000299       0x32 ./Drivers/STM32F7xx_HAL_Driver/Src/stm32f7xx_hal.o
 .ARM.attributes
                0x000002cb       0x32 ./Drivers/STM32F7xx_HAL_Driver/Src/stm32f7xx_hal_cortex.o
 .ARM.attributes
                0x000002fd       0x32 ./Drivers/STM32F7xx_HAL_Driver/Src/stm32f7xx_hal_gpio.o
 .ARM.attributes
                0x0000032f       0x32 ./Drivers/STM32F7xx_HAL_Driver/Src/stm32f7xx_hal_pwr_ex.o
 .ARM.attributes
                0x00000361       0x32 ./Drivers/STM32F7xx_HAL_Driver/Src/stm32f7xx_hal_rcc.o
 .ARM.attributes
                0x00000393       0x32 ./Drivers/STM32F7xx_HAL_Driver/Src/stm32f7xx_hal_rcc_ex.o
 .ARM.attributes
                0x000003c5       0x32 ./Drivers/STM32F7xx_HAL_Driver/Src/stm32f7xx_hal_uart.o
 .ARM.attributes
                0x000003f7       0x32 ./Middlewares/Third_Party/FreeRTOS/Source/CMSIS_RTOS/cmsis_os.o
 .ARM.attributes
                0x00000429       0x32 ./Middlewares/Third_Party/FreeRTOS/Source/list.o
 .ARM.attributes
                0x0000045b       0x32 ./Middlewares/Third_Party/FreeRTOS/Source/queue.o
 .ARM.attributes
                0x0000048d       0x32 ./Middlewares/Third_Party/FreeRTOS/Source/tasks.o
 .ARM.attributes
                0x000004bf       0x32 ./Middlewares/Third_Party/FreeRTOS/Source/portable/GCC/ARM_CM7/r0p1/port.o
 .ARM.attributes
                0x000004f1       0x32 ./Middlewares/Third_Party/FreeRTOS/Source/portable/MemMang/heap_4.o
 .ARM.attributes
                0x00000523       0x32 C:/ST/STM32CubeIDE_1.17.0/STM32CubeIDE/plugins/com.st.stm32cube.ide.mcu.externaltools.gnu-tools-for-stm32.13.3.rel1.win32_1.0.0.202411081344/tools/bin/../lib/gcc/arm-none-eabi/13.3.1/../../../../arm-none-eabi/lib/thumb/v7e-m+dp/hard\libc_nano.a(libc_a-atoi.o)
 .ARM.attributes
                0x00000555       0x32 C:/ST/STM32CubeIDE_1.17.0/STM32CubeIDE/plugins/com.st.stm32cube.ide.mcu.externaltools.gnu-tools-for-stm32.13.3.rel1.win32_1.0.0.202411081344/tools/bin/../lib/gcc/arm-none-eabi/13.3.1/../../../../arm-none-eabi/lib/thumb/v7e-m+dp/hard\libc_nano.a(libc_a-strtol.o)
 .ARM.attributes
                0x00000587       0x32 C:/ST/STM32CubeIDE_1.17.0/STM32CubeIDE/plugins/com.st.stm32cube.ide.mcu.externaltools.gnu-tools-for-stm32.13.3.rel1.win32_1.0.0.202411081344/tools/bin/../lib/gcc/arm-none-eabi/13.3.1/../../../../arm-none-eabi/lib/thumb/v7e-m+dp/hard\libc_nano.a(libc_a-ctype_.o)
 .ARM.attributes
                0x000005b9       0x32 C:/ST/STM32CubeIDE_1.17.0/STM32CubeIDE/plugins/com.st.stm32cube.ide.mcu.externaltools.gnu-tools-for-stm32.13.3.rel1.win32_1.0.0.202411081344/tools/bin/../lib/gcc/arm-none-eabi/13.3.1/../../../../arm-none-eabi/lib/thumb/v7e-m+dp/hard\libc_nano.a(libc_a-findfp.o)
 .ARM.attributes
                0x000005eb       0x32 C:/ST/STM32CubeIDE_1.17.0/STM32CubeIDE/plugins/com.st.stm32cube.ide.mcu.externaltools.gnu-tools-for-stm32.13.3.rel1.win32_1.0.0.202411081344/tools/bin/../lib/gcc/arm-none-eabi/13.3.1/../../../../arm-none-eabi/lib/thumb/v7e-m+dp/hard\libc_nano.a(libc_a-memcmp.o)
 .ARM.attributes
                0x0000061d       0x32 C:/ST/STM32CubeIDE_1.17.0/STM32CubeIDE/plugins/com.st.stm32cube.ide.mcu.externaltools.gnu-tools-for-stm32.13.3.rel1.win32_1.0.0.202411081344/tools/bin/../lib/gcc/arm-none-eabi/13.3.1/../../../../arm-none-eabi/lib/thumb/v7e-m+dp/hard\libc_nano.a(libc_a-memset.o)
 .ARM.attributes
                0x0000064f       0x32 C:/ST/STM32CubeIDE_1.17.0/STM32CubeIDE/plugins/com.st.stm32cube.ide.mcu.externaltools.gnu-tools-for-stm32.13.3.rel1.win32_1.0.0.202411081344/tools/bin/../lib/gcc/arm-none-eabi/13.3.1/../../../../arm-none-eabi/lib/thumb/v7e-m+dp/hard\libc_nano.a(libc_a-strchr.o)
 .ARM.attributes
                0x00000681       0x32 C:/ST/STM32CubeIDE_1.17.0/STM32CubeIDE/plugins/com.st.stm32cube.ide.mcu.externaltools.gnu-tools-for-stm32.13.3.rel1.win32_1.0.0.202411081344/tools/bin/../lib/gcc/arm-none-eabi/13.3.1/../../../../arm-none-eabi/lib/thumb/v7e-m+dp/hard\libc_nano.a(libc_a-impure.o)
 .ARM.attributes
                0x000006b3       0x32 C:/ST/STM32CubeIDE_1.17.0/STM32CubeIDE/plugins/com.st.stm32cube.ide.mcu.externaltools.gnu-tools-for-stm32.13.3.rel1.win32_1.0.0.202411081344/tools/bin/../lib/gcc/arm-none-eabi/13.3.1/../../../../arm-none-eabi/lib/thumb/v7e-m+dp/hard\libc_nano.a(libc_a-errno.o)
 .ARM.attributes
                0x000006e5       0x32 C:/ST/STM32CubeIDE_1.17.0/STM32CubeIDE/plugins/com.st.stm32cube.ide.mcu.externaltools.gnu-tools-for-stm32.13.3.rel1.win32_1.0.0.202411081344/tools/bin/../lib/gcc/arm-none-eabi/13.3.1/../../../../arm-none-eabi/lib/thumb/v7e-m+dp/hard\libc_nano.a(libc_a-init.o)
 .ARM.attributes
                0x00000717       0x32 C:/ST/STM32CubeIDE_1.17.0/STM32CubeIDE/plugins/com.st.stm32cube.ide.mcu.externaltools.gnu-tools-for-stm32.13.3.rel1.win32_1.0.0.202411081344/tools/bin/../lib/gcc/arm-none-eabi/13.3.1/../../../../arm-none-eabi/lib/thumb/v7e-m+dp/hard\libc_nano.a(libc_a-memcpy-stub.o)
 .ARM.attributes
                0x00000749       0x17 C:/ST/STM32CubeIDE_1.17.0/STM32CubeIDE/plugins/com.st.stm32cube.ide.mcu.externaltools.gnu-tools-for-stm32.13.3.rel1.win32_1.0.0.202411081344/tools/bin/../lib/gcc/arm-none-eabi/13.3.1/../../../../arm-none-eabi/lib/thumb/v7e-m+dp/hard\libc_nano.a(libc_a-strlen.o)
 .ARM.attributes
                0x00000760       0x20 C:/ST/STM32CubeIDE_1.17.0/STM32CubeIDE/plugins/com.st.stm32cube.ide.mcu.externaltools.gnu-tools-for-stm32.13.3.rel1.win32_1.0.0.202411081344/tools/bin/../lib/gcc/arm-none-eabi/13.3.1/thumb/v7e-m+dp/hard\libgcc.a(_aeabi_uldivmod.o)
 .ARM.attributes
                0x00000780       0x32 C:/ST/STM32CubeIDE_1.17.0/STM32CubeIDE/plugins/com.st.stm32cube.ide.mcu.externaltools.gnu-tools-for-stm32.13.3.rel1.win32_1.0.0.202411081344/tools/bin/../lib/gcc/arm-none-eabi/13.3.1/thumb/v7e-m+dp/hard\libgcc.a(_udivmoddi4.o)
 .ARM.attributes
                0x000007b2       0x20 C:/ST/STM32CubeIDE_1.17.0/STM32CubeIDE/plugins/com.st.stm32cube.ide.mcu.externaltools.gnu-tools-for-stm32.13.3.rel1.win32_1.0.0.202411081344/tools/bin/../lib/gcc/arm-none-eabi/13.3.1/thumb/v7e-m+dp/hard\libgcc.a(_dvmd_tls.o)
 .ARM.attributes
                0x000007d2       0x20 C:/ST/STM32CubeIDE_1.17.0/STM32CubeIDE/plugins/com.st.stm32cube.ide.mcu.externaltools.gnu-tools-for-stm32.13.3.rel1.win32_1.0.0.202411081344/tools/bin/../lib/gcc/arm-none-eabi/13.3.1/thumb/v7e-m+dp/hard/crtn.o
OUTPUT(Eth.elf elf32-littlearm)
LOAD linker stubs
LOAD C:/ST/STM32CubeIDE_1.17.0/STM32CubeIDE/plugins/com.st.stm32cube.ide.mcu.externaltools.gnu-tools-for-stm32.13.3.rel1.win32_1.0.0.202411081344/tools/bin/../lib/gcc/arm-none-eabi/13.3.1/../../../../arm-none-eabi/lib/thumb/v7e-m+dp/hard\libc.a
LOAD C:/ST/STM32CubeIDE_1.17.0/STM32CubeIDE/plugins/com.st.stm32cube.ide.mcu.externaltools.gnu-tools-for-stm32.13.3.rel1.win32_1.0.0.202411081344/tools/bin/../lib/gcc/arm-none-eabi/13.3.1/../../../../arm-none-eabi/lib/thumb/v7e-m+dp/hard\libm.a
LOAD C:/ST/STM32CubeIDE_1.17.0/STM32CubeIDE/plugins/com.st.stm32cube.ide.mcu.externaltools.gnu-tools-for-stm32.13.3.rel1.win32_1.0.0.202411081344/tools/bin/../lib/gcc/arm-none-eabi/13.3.1/thumb/v7e-m+dp/hard\libgcc.a

.debug_info     0x00000000    0x149ef
 .debug_info    0x00000000      0xc1e ./Core/Src/app/console.o
 .debug_info    0x00000c1e       0xb2 ./Core/Src/drv/eth_send_data.o
 .debug_info    0x00000cd0      0x330 ./Core/Src/drv/eth_test.o
 .debug_info    0x00001000      0x78c ./Core/Src/drv/usart_drv.o
 .debug_info    0x0000178c      0x279 ./Core/Src/freertos.o
 .debug_info    0x00001a05     0x1b2e ./Core/Src/main.o
 .debug_info    0x00003533     0x1926 ./Core/Src/stm32f7xx_hal_msp.o
 .debug_info    0x00004e59      0x11a ./Core/Src/stm32f7xx_it.o
 .debug_info    0x00004f73      0x6ed ./Core/Src/system_stm32f7xx.o
 .debug_info    0x00005660     0x1903 ./Core/Src/peri/eth.o
 .debug_info    0x00006f63      0xb12 ./Core/Src/peri/usart.o
 .debug_info    0x00007a75       0x30 ./Core/Startup/startup_stm32f769nihx.o
 .debug_info    0x00007aa5      0xa52 ./Drivers/STM32F7xx_HAL_Driver/Src/stm32f7xx_hal.o
 .debug_info    0x000084f7      0xfc6 ./Drivers/STM32F7xx_HAL_Driver/Src/stm32f7xx_hal_cortex.o
 .debug_info    0x000094bd      0x6f3 ./Drivers/STM32F7xx_HAL_Driver/Src/stm32f7xx_hal_gpio.o
 .debug_info    0x00009bb0      0x8cd ./Drivers/STM32F7xx_HAL_Driver/Src/stm32f7xx_hal_pwr_ex.o
 .debug_info    0x0000a47d      0x94b ./Drivers/STM32F7xx_HAL_Driver/Src/stm32f7xx_hal_rcc.o
 .debug_info    0x0000adc8      0x6e1 ./Drivers/STM32F7xx_HAL_Driver/Src/stm32f7xx_hal_rcc_ex.o
 .debug_info    0x0000b4a9     0x3b13 ./Drivers/STM32F7xx_HAL_Driver/Src/stm32f7xx_hal_uart.o
 .debug_info    0x0000efbc     0x1b60 ./Middlewares/Third_Party/FreeRTOS/Source/CMSIS_RTOS/cmsis_os.o
 .debug_info    0x00010b1c      0x2af ./Middlewares/Third_Party/FreeRTOS/Source/list.o
 .debug_info    0x00010dcb     0x17bc ./Middlewares/Third_Party/FreeRTOS/Source/queue.o
 .debug_info    0x00012587     0x1bfe ./Middlewares/Third_Party/FreeRTOS/Source/tasks.o
 .debug_info    0x00014185      0x4a7 ./Middlewares/Third_Party/FreeRTOS/Source/portable/GCC/ARM_CM7/r0p1/port.o
 .debug_info    0x0001462c      0x3c3 ./Middlewares/Third_Party/FreeRTOS/Source/portable/MemMang/heap_4.o

.debug_abbrev   0x00000000     0x36d5
 .debug_abbrev  0x00000000      0x365 ./Core/Src/app/console.o
 .debug_abbrev  0x00000365       0x5c ./Core/Src/drv/eth_send_data.o
 .debug_abbrev  0x000003c1      0x17f ./Core/Src/drv/eth_test.o
 .debug_abbrev  0x00000540      0x27c ./Core/Src/drv/usart_drv.o
 .debug_abbrev  0x000007bc       0xd2 ./Core/Src/freertos.o
 .debug_abbrev  0x0000088e      0x3a8 ./Core/Src/main.o
 .debug_abbrev  0x00000c36      0x237 ./Core/Src/stm32f7xx_hal_msp.o
 .debug_abbrev  0x00000e6d       0x97 ./Core/Src/stm32f7xx_it.o
 .debug_abbrev  0x00000f04      0x13b ./Core/Src/system_stm32f7xx.o
 .debug_abbrev  0x0000103f      0x33f ./Core/Src/peri/eth.o
 .debug_abbrev  0x0000137e      0x2ae ./Core/Src/peri/usart.o
 .debug_abbrev  0x0000162c       0x24 ./Core/Startup/startup_stm32f769nihx.o
 .debug_abbrev  0x00001650      0x213 ./Drivers/STM32F7xx_HAL_Driver/Src/stm32f7xx_hal.o
 .debug_abbrev  0x00001863      0x31e ./Drivers/STM32F7xx_HAL_Driver/Src/stm32f7xx_hal_cortex.o
 .debug_abbrev  0x00001b81      0x1d4 ./Drivers/STM32F7xx_HAL_Driver/Src/stm32f7xx_hal_gpio.o
 .debug_abbrev  0x00001d55      0x1d5 ./Drivers/STM32F7xx_HAL_Driver/Src/stm32f7xx_hal_pwr_ex.o
 .debug_abbrev  0x00001f2a      0x2de ./Drivers/STM32F7xx_HAL_Driver/Src/stm32f7xx_hal_rcc.o
 .debug_abbrev  0x00002208      0x1c9 ./Drivers/STM32F7xx_HAL_Driver/Src/stm32f7xx_hal_rcc_ex.o
 .debug_abbrev  0x000023d1      0x2e6 ./Drivers/STM32F7xx_HAL_Driver/Src/stm32f7xx_hal_uart.o
 .debug_abbrev  0x000026b7      0x3a7 ./Middlewares/Third_Party/FreeRTOS/Source/CMSIS_RTOS/cmsis_os.o
 .debug_abbrev  0x00002a5e       0xf5 ./Middlewares/Third_Party/FreeRTOS/Source/list.o
 .debug_abbrev  0x00002b53      0x3b5 ./Middlewares/Third_Party/FreeRTOS/Source/queue.o
 .debug_abbrev  0x00002f08      0x359 ./Middlewares/Third_Party/FreeRTOS/Source/tasks.o
 .debug_abbrev  0x00003261      0x26f ./Middlewares/Third_Party/FreeRTOS/Source/portable/GCC/ARM_CM7/r0p1/port.o
 .debug_abbrev  0x000034d0      0x205 ./Middlewares/Third_Party/FreeRTOS/Source/portable/MemMang/heap_4.o

.debug_aranges  0x00000000      0xf10
 .debug_aranges
                0x00000000       0x70 ./Core/Src/app/console.o
 .debug_aranges
                0x00000070       0x18 ./Core/Src/drv/eth_send_data.o
 .debug_aranges
                0x00000088       0x38 ./Core/Src/drv/eth_test.o
 .debug_aranges
                0x000000c0       0x50 ./Core/Src/drv/usart_drv.o
 .debug_aranges
                0x00000110       0x20 ./Core/Src/freertos.o
 .debug_aranges
                0x00000130       0x60 ./Core/Src/main.o
 .debug_aranges
                0x00000190       0x40 ./Core/Src/stm32f7xx_hal_msp.o
 .debug_aranges
                0x000001d0       0x50 ./Core/Src/stm32f7xx_it.o
 .debug_aranges
                0x00000220       0x28 ./Core/Src/system_stm32f7xx.o
 .debug_aranges
                0x00000248       0x90 ./Core/Src/peri/eth.o
 .debug_aranges
                0x000002d8       0x60 ./Core/Src/peri/usart.o
 .debug_aranges
                0x00000338       0x28 ./Core/Startup/startup_stm32f769nihx.o
 .debug_aranges
                0x00000360      0x110 ./Drivers/STM32F7xx_HAL_Driver/Src/stm32f7xx_hal.o
 .debug_aranges
                0x00000470      0x128 ./Drivers/STM32F7xx_HAL_Driver/Src/stm32f7xx_hal_cortex.o
 .debug_aranges
                0x00000598       0x58 ./Drivers/STM32F7xx_HAL_Driver/Src/stm32f7xx_hal_gpio.o
 .debug_aranges
                0x000005f0       0x80 ./Drivers/STM32F7xx_HAL_Driver/Src/stm32f7xx_hal_pwr_ex.o
 .debug_aranges
                0x00000670       0x88 ./Drivers/STM32F7xx_HAL_Driver/Src/stm32f7xx_hal_rcc.o
 .debug_aranges
                0x000006f8       0x50 ./Drivers/STM32F7xx_HAL_Driver/Src/stm32f7xx_hal_rcc_ex.o
 .debug_aranges
                0x00000748      0x230 ./Drivers/STM32F7xx_HAL_Driver/Src/stm32f7xx_hal_uart.o
 .debug_aranges
                0x00000978      0x1d8 ./Middlewares/Third_Party/FreeRTOS/Source/CMSIS_RTOS/cmsis_os.o
 .debug_aranges
                0x00000b50       0x40 ./Middlewares/Third_Party/FreeRTOS/Source/list.o
 .debug_aranges
                0x00000b90      0x108 ./Middlewares/Third_Party/FreeRTOS/Source/queue.o
 .debug_aranges
                0x00000c98      0x1a8 ./Middlewares/Third_Party/FreeRTOS/Source/tasks.o
 .debug_aranges
                0x00000e40       0x80 ./Middlewares/Third_Party/FreeRTOS/Source/portable/GCC/ARM_CM7/r0p1/port.o
 .debug_aranges
                0x00000ec0       0x50 ./Middlewares/Third_Party/FreeRTOS/Source/portable/MemMang/heap_4.o

.debug_rnglists
                0x00000000      0xb68
 .debug_rnglists
                0x00000000       0x54 ./Core/Src/app/console.o
 .debug_rnglists
                0x00000054       0x25 ./Core/Src/drv/eth_test.o
 .debug_rnglists
                0x00000079       0x3a ./Core/Src/drv/usart_drv.o
 .debug_rnglists
                0x000000b3       0x13 ./Core/Src/freertos.o
 .debug_rnglists
                0x000000c6       0x46 ./Core/Src/main.o
 .debug_rnglists
                0x0000010c       0x2d ./Core/Src/stm32f7xx_hal_msp.o
 .debug_rnglists
                0x00000139       0x37 ./Core/Src/stm32f7xx_it.o
 .debug_rnglists
                0x00000170       0x1a ./Core/Src/system_stm32f7xx.o
 .debug_rnglists
                0x0000018a       0x6c ./Core/Src/peri/eth.o
 .debug_rnglists
                0x000001f6       0x48 ./Core/Src/peri/usart.o
 .debug_rnglists
                0x0000023e       0x19 ./Core/Startup/startup_stm32f769nihx.o
 .debug_rnglists
                0x00000257       0xc7 ./Drivers/STM32F7xx_HAL_Driver/Src/stm32f7xx_hal.o
 .debug_rnglists
                0x0000031e       0xda ./Drivers/STM32F7xx_HAL_Driver/Src/stm32f7xx_hal_cortex.o
 .debug_rnglists
                0x000003f8       0x3f ./Drivers/STM32F7xx_HAL_Driver/Src/stm32f7xx_hal_gpio.o
 .debug_rnglists
                0x00000437       0x5f ./Drivers/STM32F7xx_HAL_Driver/Src/stm32f7xx_hal_pwr_ex.o
 .debug_rnglists
                0x00000496       0x67 ./Drivers/STM32F7xx_HAL_Driver/Src/stm32f7xx_hal_rcc.o
 .debug_rnglists
                0x000004fd       0x3c ./Drivers/STM32F7xx_HAL_Driver/Src/stm32f7xx_hal_rcc_ex.o
 .debug_rnglists
                0x00000539      0x1e0 ./Drivers/STM32F7xx_HAL_Driver/Src/stm32f7xx_hal_uart.o
 .debug_rnglists
                0x00000719      0x16a ./Middlewares/Third_Party/FreeRTOS/Source/CMSIS_RTOS/cmsis_os.o
 .debug_rnglists
                0x00000883       0x2b ./Middlewares/Third_Party/FreeRTOS/Source/list.o
 .debug_rnglists
                0x000008ae       0xce ./Middlewares/Third_Party/FreeRTOS/Source/queue.o
 .debug_rnglists
                0x0000097c      0x154 ./Middlewares/Third_Party/FreeRTOS/Source/tasks.o
 .debug_rnglists
                0x00000ad0       0x5d ./Middlewares/Third_Party/FreeRTOS/Source/portable/GCC/ARM_CM7/r0p1/port.o
 .debug_rnglists
                0x00000b2d       0x3b ./Middlewares/Third_Party/FreeRTOS/Source/portable/MemMang/heap_4.o

.debug_macro    0x00000000    0x305c6
 .debug_macro   0x00000000      0x236 ./Core/Src/app/console.o
 .debug_macro   0x00000236      0xaf0 ./Core/Src/app/console.o
 .debug_macro   0x00000d26       0x58 ./Core/Src/app/console.o
 .debug_macro   0x00000d7e       0x22 ./Core/Src/app/console.o
 .debug_macro   0x00000da0       0x5b ./Core/Src/app/console.o
 .debug_macro   0x00000dfb       0x29 ./Core/Src/app/console.o
 .debug_macro   0x00000e24       0x94 ./Core/Src/app/console.o
 .debug_macro   0x00000eb8       0x43 ./Core/Src/app/console.o
 .debug_macro   0x00000efb       0x34 ./Core/Src/app/console.o
 .debug_macro   0x00000f2f      0x190 ./Core/Src/app/console.o
 .debug_macro   0x000010bf       0x57 ./Core/Src/app/console.o
 .debug_macro   0x00001116      0x370 ./Core/Src/app/console.o
 .debug_macro   0x00001486       0x16 ./Core/Src/app/console.o
 .debug_macro   0x0000149c       0x4a ./Core/Src/app/console.o
 .debug_macro   0x000014e6       0x34 ./Core/Src/app/console.o
 .debug_macro   0x0000151a       0x10 ./Core/Src/app/console.o
 .debug_macro   0x0000152a       0x58 ./Core/Src/app/console.o
 .debug_macro   0x00001582       0x8e ./Core/Src/app/console.o
 .debug_macro   0x00001610       0x1c ./Core/Src/app/console.o
 .debug_macro   0x0000162c      0x185 ./Core/Src/app/console.o
 .debug_macro   0x000017b1       0x10 ./Core/Src/app/console.o
 .debug_macro   0x000017c1       0x3c ./Core/Src/app/console.o
 .debug_macro   0x000017fd       0x20 ./Core/Src/app/console.o
 .debug_macro   0x0000181d      0x103 ./Core/Src/app/console.o
 .debug_macro   0x00001920       0x6a ./Core/Src/app/console.o
 .debug_macro   0x0000198a      0x1df ./Core/Src/app/console.o
 .debug_macro   0x00001b69       0xe4 ./Core/Src/app/console.o
 .debug_macro   0x00001c4d      0x15a ./Core/Src/app/console.o
 .debug_macro   0x00001da7       0xde ./Core/Src/app/console.o
 .debug_macro   0x00001e85       0x1c ./Core/Src/app/console.o
 .debug_macro   0x00001ea1       0x26 ./Core/Src/app/console.o
 .debug_macro   0x00001ec7      0x4e8 ./Core/Src/app/console.o
 .debug_macro   0x000023af       0xb5 ./Core/Src/app/console.o
 .debug_macro   0x00002464       0xaa ./Core/Src/app/console.o
 .debug_macro   0x0000250e       0x91 ./Core/Src/app/console.o
 .debug_macro   0x0000259f       0x8d ./Core/Src/app/console.o
 .debug_macro   0x0000262c       0x7e ./Core/Src/app/console.o
 .debug_macro   0x000026aa       0x19 ./Core/Src/app/console.o
 .debug_macro   0x000026c3       0xf2 ./Core/Src/app/console.o
 .debug_macro   0x000027b5      0x2a1 ./Core/Src/drv/eth_send_data.o
 .debug_macro   0x00002a56       0x2e ./Core/Src/drv/eth_send_data.o
 .debug_macro   0x00002a84       0x3b ./Core/Src/drv/eth_send_data.o
 .debug_macro   0x00002abf       0x1c ./Core/Src/drv/eth_send_data.o
 .debug_macro   0x00002adb       0x22 ./Core/Src/drv/eth_send_data.o
 .debug_macro   0x00002afd       0xd9 ./Core/Src/drv/eth_send_data.o
 .debug_macro   0x00002bd6     0x12cd ./Core/Src/drv/eth_send_data.o
 .debug_macro   0x00003ea3      0x11f ./Core/Src/drv/eth_send_data.o
 .debug_macro   0x00003fc2       0x19 ./Core/Src/drv/eth_send_data.o
 .debug_macro   0x00003fdb    0x204cc ./Core/Src/drv/eth_send_data.o
 .debug_macro   0x000244a7       0x6d ./Core/Src/drv/eth_send_data.o
 .debug_macro   0x00024514      0x293 ./Core/Src/drv/eth_send_data.o
 .debug_macro   0x000247a7     0x375e ./Core/Src/drv/eth_send_data.o
 .debug_macro   0x00027f05       0x5d ./Core/Src/drv/eth_send_data.o
 .debug_macro   0x00027f62     0x1b3f ./Core/Src/drv/eth_send_data.o
 .debug_macro   0x00029aa1      0x6c4 ./Core/Src/drv/eth_send_data.o
 .debug_macro   0x0002a165      0x18b ./Core/Src/drv/eth_send_data.o
 .debug_macro   0x0002a2f0      0x115 ./Core/Src/drv/eth_send_data.o
 .debug_macro   0x0002a405      0x275 ./Core/Src/drv/eth_send_data.o
 .debug_macro   0x0002a67a       0xa5 ./Core/Src/drv/eth_send_data.o
 .debug_macro   0x0002a71f      0x24f ./Core/Src/drv/eth_send_data.o
 .debug_macro   0x0002a96e       0x71 ./Core/Src/drv/eth_send_data.o
 .debug_macro   0x0002a9df       0x58 ./Core/Src/drv/eth_send_data.o
 .debug_macro   0x0002aa37      0x236 ./Core/Src/drv/eth_send_data.o
 .debug_macro   0x0002ac6d      0xb99 ./Core/Src/drv/eth_send_data.o
 .debug_macro   0x0002b806      0x14e ./Core/Src/drv/eth_send_data.o
 .debug_macro   0x0002b954      0x3db ./Core/Src/drv/eth_send_data.o
 .debug_macro   0x0002bd2f       0x12 ./Core/Src/drv/eth_send_data.o
 .debug_macro   0x0002bd41      0x22c ./Core/Src/drv/eth_send_data.o
 .debug_macro   0x0002bf6d       0x61 ./Core/Src/drv/eth_send_data.o
 .debug_macro   0x0002bfce       0xa5 ./Core/Src/drv/eth_send_data.o
 .debug_macro   0x0002c073      0x12e ./Core/Src/drv/eth_send_data.o
 .debug_macro   0x0002c1a1      0x108 ./Core/Src/drv/eth_send_data.o
 .debug_macro   0x0002c2a9       0x35 ./Core/Src/drv/eth_send_data.o
 .debug_macro   0x0002c2de      0x5ba ./Core/Src/drv/eth_send_data.o
 .debug_macro   0x0002c898       0x44 ./Core/Src/drv/eth_send_data.o
 .debug_macro   0x0002c8dc      0x15b ./Core/Src/drv/eth_send_data.o
 .debug_macro   0x0002ca37      0x3d0 ./Core/Src/drv/eth_test.o
 .debug_macro   0x0002ce07       0x1c ./Core/Src/drv/eth_test.o
 .debug_macro   0x0002ce23       0x10 ./Core/Src/drv/eth_test.o
 .debug_macro   0x0002ce33       0x1c ./Core/Src/drv/eth_test.o
 .debug_macro   0x0002ce4f       0x16 ./Core/Src/drv/eth_test.o
 .debug_macro   0x0002ce65      0x146 ./Core/Src/drv/eth_test.o
 .debug_macro   0x0002cfab       0x16 ./Core/Src/drv/eth_test.o
 .debug_macro   0x0002cfc1       0x16 ./Core/Src/drv/eth_test.o
 .debug_macro   0x0002cfd7       0x29 ./Core/Src/drv/eth_test.o
 .debug_macro   0x0002d000       0xe4 ./Core/Src/drv/eth_test.o
 .debug_macro   0x0002d0e4      0x221 ./Core/Src/drv/usart_drv.o
 .debug_macro   0x0002d305      0x24b ./Core/Src/freertos.o
 .debug_macro   0x0002d550       0x8e ./Core/Src/freertos.o
 .debug_macro   0x0002d5de       0x51 ./Core/Src/freertos.o
 .debug_macro   0x0002d62f       0x63 ./Core/Src/freertos.o
 .debug_macro   0x0002d692      0x38c ./Core/Src/main.o
 .debug_macro   0x0002da1e       0x61 ./Core/Src/main.o
 .debug_macro   0x0002da7f      0x1e3 ./Core/Src/stm32f7xx_hal_msp.o
 .debug_macro   0x0002dc62      0x255 ./Core/Src/stm32f7xx_it.o
 .debug_macro   0x0002deb7      0x1d9 ./Core/Src/system_stm32f7xx.o
 .debug_macro   0x0002e090      0x727 ./Core/Src/peri/eth.o
 .debug_macro   0x0002e7b7       0x40 ./Core/Src/peri/eth.o
 .debug_macro   0x0002e7f7      0x3a3 ./Core/Src/peri/usart.o
 .debug_macro   0x0002eb9a      0x1fd ./Drivers/STM32F7xx_HAL_Driver/Src/stm32f7xx_hal.o
 .debug_macro   0x0002ed97      0x1d9 ./Drivers/STM32F7xx_HAL_Driver/Src/stm32f7xx_hal_cortex.o
 .debug_macro   0x0002ef70      0x1df ./Drivers/STM32F7xx_HAL_Driver/Src/stm32f7xx_hal_gpio.o
 .debug_macro   0x0002f14f      0x1f1 ./Drivers/STM32F7xx_HAL_Driver/Src/stm32f7xx_hal_pwr_ex.o
 .debug_macro   0x0002f340      0x1fd ./Drivers/STM32F7xx_HAL_Driver/Src/stm32f7xx_hal_rcc.o
 .debug_macro   0x0002f53d      0x1d9 ./Drivers/STM32F7xx_HAL_Driver/Src/stm32f7xx_hal_rcc_ex.o
 .debug_macro   0x0002f716      0x1f6 ./Drivers/STM32F7xx_HAL_Driver/Src/stm32f7xx_hal_uart.o
 .debug_macro   0x0002f90c      0x1fe ./Middlewares/Third_Party/FreeRTOS/Source/CMSIS_RTOS/cmsis_os.o
 .debug_macro   0x0002fb0a       0xc7 ./Middlewares/Third_Party/FreeRTOS/Source/CMSIS_RTOS/cmsis_os.o
 .debug_macro   0x0002fbd1      0x187 ./Middlewares/Third_Party/FreeRTOS/Source/list.o
 .debug_macro   0x0002fd58      0x216 ./Middlewares/Third_Party/FreeRTOS/Source/queue.o
 .debug_macro   0x0002ff6e       0x16 ./Middlewares/Third_Party/FreeRTOS/Source/queue.o
 .debug_macro   0x0002ff84       0x87 ./Middlewares/Third_Party/FreeRTOS/Source/queue.o
 .debug_macro   0x0003000b      0x279 ./Middlewares/Third_Party/FreeRTOS/Source/tasks.o
 .debug_macro   0x00030284       0x10 ./Middlewares/Third_Party/FreeRTOS/Source/tasks.o
 .debug_macro   0x00030294      0x184 ./Middlewares/Third_Party/FreeRTOS/Source/portable/GCC/ARM_CM7/r0p1/port.o
 .debug_macro   0x00030418      0x1ae ./Middlewares/Third_Party/FreeRTOS/Source/portable/MemMang/heap_4.o

.debug_line     0x00000000    0x1474d
 .debug_line    0x00000000      0xb3c ./Core/Src/app/console.o
 .debug_line    0x00000b3c      0x896 ./Core/Src/drv/eth_send_data.o
 .debug_line    0x000013d2      0xb58 ./Core/Src/drv/eth_test.o
 .debug_line    0x00001f2a      0x921 ./Core/Src/drv/usart_drv.o
 .debug_line    0x0000284b      0x85a ./Core/Src/freertos.o
 .debug_line    0x000030a5      0xce3 ./Core/Src/main.o
 .debug_line    0x00003d88      0x83c ./Core/Src/stm32f7xx_hal_msp.o
 .debug_line    0x000045c4      0x8f4 ./Core/Src/stm32f7xx_it.o
 .debug_line    0x00004eb8      0x7cb ./Core/Src/system_stm32f7xx.o
 .debug_line    0x00005683      0xf61 ./Core/Src/peri/eth.o
 .debug_line    0x000065e4      0xd51 ./Core/Src/peri/usart.o
 .debug_line    0x00007335       0x7a ./Core/Startup/startup_stm32f769nihx.o
 .debug_line    0x000073af      0xaae ./Drivers/STM32F7xx_HAL_Driver/Src/stm32f7xx_hal.o
 .debug_line    0x00007e5d      0xcfe ./Drivers/STM32F7xx_HAL_Driver/Src/stm32f7xx_hal_cortex.o
 .debug_line    0x00008b5b      0xbd8 ./Drivers/STM32F7xx_HAL_Driver/Src/stm32f7xx_hal_gpio.o
 .debug_line    0x00009733      0xa4e ./Drivers/STM32F7xx_HAL_Driver/Src/stm32f7xx_hal_pwr_ex.o
 .debug_line    0x0000a181      0xfb3 ./Drivers/STM32F7xx_HAL_Driver/Src/stm32f7xx_hal_rcc.o
 .debug_line    0x0000b134      0xf01 ./Drivers/STM32F7xx_HAL_Driver/Src/stm32f7xx_hal_rcc_ex.o
 .debug_line    0x0000c035     0x2d6a ./Drivers/STM32F7xx_HAL_Driver/Src/stm32f7xx_hal_uart.o
 .debug_line    0x0000ed9f     0x1304 ./Middlewares/Third_Party/FreeRTOS/Source/CMSIS_RTOS/cmsis_os.o
 .debug_line    0x000100a3      0x790 ./Middlewares/Third_Party/FreeRTOS/Source/list.o
 .debug_line    0x00010833     0x1521 ./Middlewares/Third_Party/FreeRTOS/Source/queue.o
 .debug_line    0x00011d54     0x18ab ./Middlewares/Third_Party/FreeRTOS/Source/tasks.o
 .debug_line    0x000135ff      0x803 ./Middlewares/Third_Party/FreeRTOS/Source/portable/GCC/ARM_CM7/r0p1/port.o
 .debug_line    0x00013e02      0x94b ./Middlewares/Third_Party/FreeRTOS/Source/portable/MemMang/heap_4.o

.debug_str      0x00000000   0x11d74d
 .debug_str     0x00000000   0x11d74d ./Core/Src/app/console.o
                               0xdad5 (size before relaxing)
 .debug_str     0x0011d74d   0x10f12f ./Core/Src/drv/eth_send_data.o
 .debug_str     0x0011d74d   0x115909 ./Core/Src/drv/eth_test.o
 .debug_str     0x0011d74d     0xd735 ./Core/Src/drv/usart_drv.o
 .debug_str     0x0011d74d   0x10fda1 ./Core/Src/freertos.o
 .debug_str     0x0011d74d   0x116305 ./Core/Src/main.o
 .debug_str     0x0011d74d   0x10d4a3 ./Core/Src/stm32f7xx_hal_msp.o
 .debug_str     0x0011d74d   0x10fd02 ./Core/Src/stm32f7xx_it.o
 .debug_str     0x0011d74d   0x10c1d7 ./Core/Src/system_stm32f7xx.o
 .debug_str     0x0011d74d   0x117a93 ./Core/Src/peri/eth.o
 .debug_str     0x0011d74d   0x116037 ./Core/Src/peri/usart.o
 .debug_str     0x0011d74d       0x6e ./Core/Startup/startup_stm32f769nihx.o
 .debug_str     0x0011d74d   0x10cc20 ./Drivers/STM32F7xx_HAL_Driver/Src/stm32f7xx_hal.o
 .debug_str     0x0011d74d   0x10cc02 ./Drivers/STM32F7xx_HAL_Driver/Src/stm32f7xx_hal_cortex.o
 .debug_str     0x0011d74d   0x10c295 ./Drivers/STM32F7xx_HAL_Driver/Src/stm32f7xx_hal_gpio.o
 .debug_str     0x0011d74d   0x10c446 ./Drivers/STM32F7xx_HAL_Driver/Src/stm32f7xx_hal_pwr_ex.o
 .debug_str     0x0011d74d   0x10c552 ./Drivers/STM32F7xx_HAL_Driver/Src/stm32f7xx_hal_rcc.o
 .debug_str     0x0011d74d   0x10c4b5 ./Drivers/STM32F7xx_HAL_Driver/Src/stm32f7xx_hal_rcc_ex.o
 .debug_str     0x0011d74d   0x10cea0 ./Drivers/STM32F7xx_HAL_Driver/Src/stm32f7xx_hal_uart.o
 .debug_str     0x0011d74d     0xe8ac ./Middlewares/Third_Party/FreeRTOS/Source/CMSIS_RTOS/cmsis_os.o
 .debug_str     0x0011d74d     0xabab ./Middlewares/Third_Party/FreeRTOS/Source/list.o
 .debug_str     0x0011d74d     0xc524 ./Middlewares/Third_Party/FreeRTOS/Source/queue.o
 .debug_str     0x0011d74d     0xced1 ./Middlewares/Third_Party/FreeRTOS/Source/tasks.o
 .debug_str     0x0011d74d     0x86d0 ./Middlewares/Third_Party/FreeRTOS/Source/portable/GCC/ARM_CM7/r0p1/port.o
 .debug_str     0x0011d74d     0xb3c8 ./Middlewares/Third_Party/FreeRTOS/Source/portable/MemMang/heap_4.o

.comment        0x00000000       0x43
 .comment       0x00000000       0x43 ./Core/Src/app/console.o
                                 0x44 (size before relaxing)
 .comment       0x00000043       0x44 ./Core/Src/drv/eth_send_data.o
 .comment       0x00000043       0x44 ./Core/Src/drv/eth_test.o
 .comment       0x00000043       0x44 ./Core/Src/drv/usart_drv.o
 .comment       0x00000043       0x44 ./Core/Src/freertos.o
 .comment       0x00000043       0x44 ./Core/Src/main.o
 .comment       0x00000043       0x44 ./Core/Src/stm32f7xx_hal_msp.o
 .comment       0x00000043       0x44 ./Core/Src/stm32f7xx_it.o
 .comment       0x00000043       0x44 ./Core/Src/system_stm32f7xx.o
 .comment       0x00000043       0x44 ./Core/Src/peri/eth.o
 .comment       0x00000043       0x44 ./Core/Src/peri/usart.o
 .comment       0x00000043       0x44 ./Drivers/STM32F7xx_HAL_Driver/Src/stm32f7xx_hal.o
 .comment       0x00000043       0x44 ./Drivers/STM32F7xx_HAL_Driver/Src/stm32f7xx_hal_cortex.o
 .comment       0x00000043       0x44 ./Drivers/STM32F7xx_HAL_Driver/Src/stm32f7xx_hal_gpio.o
 .comment       0x00000043       0x44 ./Drivers/STM32F7xx_HAL_Driver/Src/stm32f7xx_hal_pwr_ex.o
 .comment       0x00000043       0x44 ./Drivers/STM32F7xx_HAL_Driver/Src/stm32f7xx_hal_rcc.o
 .comment       0x00000043       0x44 ./Drivers/STM32F7xx_HAL_Driver/Src/stm32f7xx_hal_rcc_ex.o
 .comment       0x00000043       0x44 ./Drivers/STM32F7xx_HAL_Driver/Src/stm32f7xx_hal_uart.o
 .comment       0x00000043       0x44 ./Middlewares/Third_Party/FreeRTOS/Source/CMSIS_RTOS/cmsis_os.o
 .comment       0x00000043       0x44 ./Middlewares/Third_Party/FreeRTOS/Source/list.o
 .comment       0x00000043       0x44 ./Middlewares/Third_Party/FreeRTOS/Source/queue.o
 .comment       0x00000043       0x44 ./Middlewares/Third_Party/FreeRTOS/Source/tasks.o
 .comment       0x00000043       0x44 ./Middlewares/Third_Party/FreeRTOS/Source/portable/GCC/ARM_CM7/r0p1/port.o
 .comment       0x00000043       0x44 ./Middlewares/Third_Party/FreeRTOS/Source/portable/MemMang/heap_4.o

.debug_frame    0x00000000     0x3da4
 .debug_frame   0x00000000      0x1c0 ./Core/Src/app/console.o
 .debug_frame   0x000001c0       0xa0 ./Core/Src/drv/eth_test.o
 .debug_frame   0x00000260      0x110 ./Core/Src/drv/usart_drv.o
 .debug_frame   0x00000370       0x38 ./Core/Src/freertos.o
 .debug_frame   0x000003a8      0x130 ./Core/Src/main.o
 .debug_frame   0x000004d8       0xc8 ./Core/Src/stm32f7xx_hal_msp.o
 .debug_frame   0x000005a0       0xc4 ./Core/Src/stm32f7xx_it.o
 .debug_frame   0x00000664       0x58 ./Core/Src/system_stm32f7xx.o
 .debug_frame   0x000006bc      0x23c ./Core/Src/peri/eth.o
 .debug_frame   0x000008f8      0x150 ./Core/Src/peri/usart.o
 .debug_frame   0x00000a48      0x3f4 ./Drivers/STM32F7xx_HAL_Driver/Src/stm32f7xx_hal.o
 .debug_frame   0x00000e3c      0x4e8 ./Drivers/STM32F7xx_HAL_Driver/Src/stm32f7xx_hal_cortex.o
 .debug_frame   0x00001324      0x14c ./Drivers/STM32F7xx_HAL_Driver/Src/stm32f7xx_hal_gpio.o
 .debug_frame   0x00001470      0x1c8 ./Drivers/STM32F7xx_HAL_Driver/Src/stm32f7xx_hal_pwr_ex.o
 .debug_frame   0x00001638      0x1f8 ./Drivers/STM32F7xx_HAL_Driver/Src/stm32f7xx_hal_rcc.o
 .debug_frame   0x00001830      0x118 ./Drivers/STM32F7xx_HAL_Driver/Src/stm32f7xx_hal_rcc_ex.o
 .debug_frame   0x00001948      0xa10 ./Drivers/STM32F7xx_HAL_Driver/Src/stm32f7xx_hal_uart.o
 .debug_frame   0x00002358      0x80c ./Middlewares/Third_Party/FreeRTOS/Source/CMSIS_RTOS/cmsis_os.o
 .debug_frame   0x00002b64       0xd8 ./Middlewares/Third_Party/FreeRTOS/Source/list.o
 .debug_frame   0x00002c3c      0x470 ./Middlewares/Third_Party/FreeRTOS/Source/queue.o
 .debug_frame   0x000030ac      0x734 ./Middlewares/Third_Party/FreeRTOS/Source/tasks.o
 .debug_frame   0x000037e0      0x1a8 ./Middlewares/Third_Party/FreeRTOS/Source/portable/GCC/ARM_CM7/r0p1/port.o
 .debug_frame   0x00003988      0x108 ./Middlewares/Third_Party/FreeRTOS/Source/portable/MemMang/heap_4.o
 .debug_frame   0x00003a90       0x30 C:/ST/STM32CubeIDE_1.17.0/STM32CubeIDE/plugins/com.st.stm32cube.ide.mcu.externaltools.gnu-tools-for-stm32.13.3.rel1.win32_1.0.0.202411081344/tools/bin/../lib/gcc/arm-none-eabi/13.3.1/../../../../arm-none-eabi/lib/thumb/v7e-m+dp/hard\libc_nano.a(libc_a-atoi.o)
 .debug_frame   0x00003ac0       0x64 C:/ST/STM32CubeIDE_1.17.0/STM32CubeIDE/plugins/com.st.stm32cube.ide.mcu.externaltools.gnu-tools-for-stm32.13.3.rel1.win32_1.0.0.202411081344/tools/bin/../lib/gcc/arm-none-eabi/13.3.1/../../../../arm-none-eabi/lib/thumb/v7e-m+dp/hard\libc_nano.a(libc_a-strtol.o)
 .debug_frame   0x00003b24      0x144 C:/ST/STM32CubeIDE_1.17.0/STM32CubeIDE/plugins/com.st.stm32cube.ide.mcu.externaltools.gnu-tools-for-stm32.13.3.rel1.win32_1.0.0.202411081344/tools/bin/../lib/gcc/arm-none-eabi/13.3.1/../../../../arm-none-eabi/lib/thumb/v7e-m+dp/hard\libc_nano.a(libc_a-findfp.o)
 .debug_frame   0x00003c68       0x28 C:/ST/STM32CubeIDE_1.17.0/STM32CubeIDE/plugins/com.st.stm32cube.ide.mcu.externaltools.gnu-tools-for-stm32.13.3.rel1.win32_1.0.0.202411081344/tools/bin/../lib/gcc/arm-none-eabi/13.3.1/../../../../arm-none-eabi/lib/thumb/v7e-m+dp/hard\libc_nano.a(libc_a-memcmp.o)